BL51 BANKED LINKER/LOCATER V6.00              07/24/2007  22:07:38  PAGE 1


BL51 BANKED LINKER/LOCATER V6.00, INVOKED BY:
C:\KEIL\C51\BIN\BL51.EXE E:\PROGRAMACION\MSD\F34X_MSD_CF_BASIC_FUNCTIONS.OBJ, 
>> E:\PROGRAMACION\MSD\F34X_MSD_CMD.OBJ, E:\PROGRAMACION\MSD\F34X_MSD_DIR_COMM
>> ANDS.OBJ, E:\PROGRAMACION\MSD\F34X_MSD_FILE_SYSTEM.OBJ, E:\PROGRAMACION\MSD
>> \F34X_MSD_FORMAT_DISK.OBJ, E:\PROGRAMACION\MSD\F34X_MSD_GET_CHAR.OBJ, E:\PR
>> OGRAMACION\MSD\F34X_MSD_LOG.OBJ, E:\PROGRAMACION\MSD\F34X_MSD_MMC.OBJ, E:\P
>> ROGRAMACION\MSD\F34X_MSD_MMC_COMMAND.OBJ, E:\PROGRAMACION\MSD\F34X_MSD_MSD.
>> OBJ, E:\PROGRAMACION\MSD\F34X_MSD_PUT_CHAR.OBJ, E:\PROGRAMACION\MSD\F34X_MS
>> D_SCSI.OBJ, E:\PROGRAMACION\MSD\F34X_MSD_SECT_SERV.OBJ, E:\PROGRAMACION\MSD
>> \F34X_MSD_TEMP_SENSOR.OBJ, E:\PROGRAMACION\MSD\F34X_MSD_UART.OBJ, E:\PROGRA
>> MACION\MSD\F34X_MSD_USB_DESCRIPTOR.OBJ, E:\PROGRAMACION\MSD\F34X_MSD_USB_IS
>> R.OBJ, E:\PROGRAMACION\MSD\F34X_MSD_USB_MAIN.OBJ, E:\PROGRAMACION\MSD\F34X_
>> MSD_USB_PROCEDURE.OBJ, E:\PROGRAMACION\MSD\F34X_MSD_USB_STD_REQ.OBJ, E:\PRO
>> GRAMACION\MSD\F34X_MSD_UTIL.OBJ, E:\PROGRAMACION\MSD\F34X_MSD_VBUS_FUNCTION
>> S.OBJ TO E:\PROGRAMACION\MSD\F34X_MSD.OMF RS (256) PL (68) PW (78) IX


MEMORY MODEL: LARGE


INPUT MODULES INCLUDED:
  E:\PROGRAMACION\MSD\F34X_MSD_CF_BASIC_FUNCTIONS.OBJ (F34X_MSD_CF_BASIC_FUNCT
>> IONS)
  E:\PROGRAMACION\MSD\F34X_MSD_CMD.OBJ (F34X_MSD_CMD)
  E:\PROGRAMACION\MSD\F34X_MSD_DIR_COMMANDS.OBJ (F34X_MSD_DIR_COMMANDS)
  E:\PROGRAMACION\MSD\F34X_MSD_FILE_SYSTEM.OBJ (F34X_MSD_FILE_SYSTEM)
  E:\PROGRAMACION\MSD\F34X_MSD_FORMAT_DISK.OBJ (F34X_MSD_FORMAT_DISK)
  E:\PROGRAMACION\MSD\F34X_MSD_GET_CHAR.OBJ (F34X_MSD_GET_CHAR)
  E:\PROGRAMACION\MSD\F34X_MSD_LOG.OBJ (F34X_MSD_LOG)
  E:\PROGRAMACION\MSD\F34X_MSD_MMC.OBJ (F34X_MSD_MMC)
  E:\PROGRAMACION\MSD\F34X_MSD_MMC_COMMAND.OBJ (F34X_MSD_MMC_COMMAND)
  E:\PROGRAMACION\MSD\F34X_MSD_MSD.OBJ (F34X_MSD_MSD)
  E:\PROGRAMACION\MSD\F34X_MSD_PUT_CHAR.OBJ (F34X_MSD_PUT_CHAR)
  E:\PROGRAMACION\MSD\F34X_MSD_SCSI.OBJ (F34X_MSD_SCSI)
  E:\PROGRAMACION\MSD\F34X_MSD_SECT_SERV.OBJ (F34X_MSD_SECT_SERV)
  E:\PROGRAMACION\MSD\F34X_MSD_TEMP_SENSOR.OBJ (F34X_MSD_TEMP_SENSOR)
  E:\PROGRAMACION\MSD\F34X_MSD_UART.OBJ (F34X_MSD_UART)
  E:\PROGRAMACION\MSD\F34X_MSD_USB_DESCRIPTOR.OBJ (F34X_MSD_USB_DESCRIPTOR)
  E:\PROGRAMACION\MSD\F34X_MSD_USB_ISR.OBJ (F34X_MSD_USB_ISR)
  E:\PROGRAMACION\MSD\F34X_MSD_USB_MAIN.OBJ (F34X_MSD_USB_MAIN)
  E:\PROGRAMACION\MSD\F34X_MSD_USB_PROCEDURE.OBJ (F34X_MSD_USB_PROCEDURE)
  E:\PROGRAMACION\MSD\F34X_MSD_USB_STD_REQ.OBJ (F34X_MSD_USB_STD_REQ)
  E:\PROGRAMACION\MSD\F34X_MSD_UTIL.OBJ (F34X_MSD_UTIL)
  E:\PROGRAMACION\MSD\F34X_MSD_VBUS_FUNCTIONS.OBJ (F34X_MSD_VBUS_FUNCTIONS)
  C:\KEIL\C51\LIB\C51L.LIB (?C_STARTUP)
  C:\KEIL\C51\LIB\C51L.LIB (?C?COPY)
  C:\KEIL\C51\LIB\C51L.LIB (?C?CLDPTR)
  C:\KEIL\C51\LIB\C51L.LIB (?C?CLDOPTR)
  C:\KEIL\C51\LIB\C51L.LIB (?C?CSTPTR)
  C:\KEIL\C51\LIB\C51L.LIB (?C?CSTOPTR)
  C:\KEIL\C51\LIB\C51L.LIB (?C?IMUL)
  C:\KEIL\C51\LIB\C51L.LIB (?C?UIDIV)
  C:\KEIL\C51\LIB\C51L.LIB (?C?SIDIV)
  C:\KEIL\C51\LIB\C51L.LIB (?C?IILDX)
  C:\KEIL\C51\LIB\C51L.LIB (?C?ILDIX)
  C:\KEIL\C51\LIB\C51L.LIB (?C?ILDPTR)
  C:\KEIL\C51\LIB\C51L.LIB (?C?ILDOPTR)
  C:\KEIL\C51\LIB\C51L.LIB (?C?IILDOPTR)
  C:\KEIL\C51\LIB\C51L.LIB (?C?ISTPTR)
  C:\KEIL\C51\LIB\C51L.LIB (?C?ISTOPTR)
  C:\KEIL\C51\LIB\C51L.LIB (?C?LADD)
  C:\KEIL\C51\LIB\C51L.LIB (?C?LSUB)
  C:\KEIL\C51\LIB\C51L.LIB (?C?LMUL)
  C:\KEIL\C51\LIB\C51L.LIB (?C?ULDIV)
  C:\KEIL\C51\LIB\C51L.LIB (?C?SLDIV)
  C:\KEIL\C51\LIB\C51L.LIB (?C?LOR)
BL51 BANKED LINKER/LOCATER V6.00            07/24/2007  22:07:38  PAGE 2


  C:\KEIL\C51\LIB\C51L.LIB (?C?ULCMP)
  C:\KEIL\C51\LIB\C51L.LIB (?C?ULSHR)
  C:\KEIL\C51\LIB\C51L.LIB (?C?LSHL)
  C:\KEIL\C51\LIB\C51L.LIB (?C?LLDPTR)
  C:\KEIL\C51\LIB\C51L.LIB (?C?LLDOPTR)
  C:\KEIL\C51\LIB\C51L.LIB (?C?LSTPTR)
  C:\KEIL\C51\LIB\C51L.LIB (?C?LSTOPTR)
  C:\KEIL\C51\LIB\C51L.LIB (?C?LILDPTR)
  C:\KEIL\C51\LIB\C51L.LIB (?C?LLDXDATA)
  C:\KEIL\C51\LIB\C51L.LIB (?C?LLDXDATA0)
  C:\KEIL\C51\LIB\C51L.LIB (?C?LLDPTR0)
  C:\KEIL\C51\LIB\C51L.LIB (?C?LLDOPTR0)
  C:\KEIL\C51\LIB\C51L.LIB (?C?LSTIDATA)
  C:\KEIL\C51\LIB\C51L.LIB (?C?LSTXDATA)
  C:\KEIL\C51\LIB\C51L.LIB (?C?LSTKXDATA)
  C:\KEIL\C51\LIB\C51L.LIB (?C?LSTKOPTR)
  C:\KEIL\C51\LIB\C51L.LIB (?C?OFFXADD)
  C:\KEIL\C51\LIB\C51L.LIB (?C?PLDXDATA)
  C:\KEIL\C51\LIB\C51L.LIB (?C?PLDIXDATA)
  C:\KEIL\C51\LIB\C51L.LIB (?C?PSTXDATA)
  C:\KEIL\C51\LIB\C51L.LIB (?C?PLDCODE)
  C:\KEIL\C51\LIB\C51L.LIB (?C?PLDOPTR)
  C:\KEIL\C51\LIB\C51L.LIB (?C?PSTOPTR)
  C:\KEIL\C51\LIB\C51L.LIB (?C?CCASE)
  C:\KEIL\C51\LIB\C51L.LIB (?C_XBP)
  C:\KEIL\C51\LIB\C51L.LIB (?C?ADDXBP)
  C:\KEIL\C51\LIB\C51L.LIB (PRINTF)
  C:\KEIL\C51\LIB\C51L.LIB (_GETKEY)
  C:\KEIL\C51\LIB\C51L.LIB (TOLOWER)
  C:\KEIL\C51\LIB\C51L.LIB (TOUPPER)
  C:\KEIL\C51\LIB\C51L.LIB (?C?STRCMP)
  C:\KEIL\C51\LIB\C51L.LIB (STRNCMP)
  C:\KEIL\C51\LIB\C51L.LIB (?C?STRCPY)
  C:\KEIL\C51\LIB\C51L.LIB (STRLEN)
  C:\KEIL\C51\LIB\C51L.LIB (STRCHR)
  C:\KEIL\C51\LIB\C51L.LIB (STRSTR)
  C:\KEIL\C51\LIB\C51L.LIB (ATOL)
  C:\KEIL\C51\LIB\C51L.LIB (?C?MEMSET)
  C:\KEIL\C51\LIB\C51L.LIB (?C?MEMMOVE)
  C:\KEIL\C51\LIB\C51L.LIB (?C_INIT)
  C:\KEIL\C51\LIB\C51L.LIB (?C?LNEG)
  C:\KEIL\C51\LIB\C51L.LIB (?C?LLDIDATA)
  C:\KEIL\C51\LIB\C51L.LIB (?C?LLDPDATA)
  C:\KEIL\C51\LIB\C51L.LIB (?C?LLDCODE)
  C:\KEIL\C51\LIB\C51L.LIB (?C?LLDIDATA0)
  C:\KEIL\C51\LIB\C51L.LIB (?C?LLDPDATA0)
  C:\KEIL\C51\LIB\C51L.LIB (?C?LLDCODE0)
  C:\KEIL\C51\LIB\C51L.LIB (?C?LILDIDATA)
  C:\KEIL\C51\LIB\C51L.LIB (?C?LILDXDATA)
  C:\KEIL\C51\LIB\C51L.LIB (?C?LILDPDATA)
  C:\KEIL\C51\LIB\C51L.LIB (?C?LSTPDATA)
  C:\KEIL\C51\LIB\C51L.LIB (?C?LSTKIDATA)
  C:\KEIL\C51\LIB\C51L.LIB (?C?LSTKPDATA)
  C:\KEIL\C51\LIB\C51L.LIB (?C?PLDIDATA)
  C:\KEIL\C51\LIB\C51L.LIB (?C?PSTIDATA)
  C:\KEIL\C51\LIB\C51L.LIB (?C?PLDPDATA)
  C:\KEIL\C51\LIB\C51L.LIB (?C?PSTPDATA)
  C:\KEIL\C51\LIB\C51L.LIB (ISDIGIT)
  C:\KEIL\C51\LIB\C51L.LIB (ISSPACE)


LINK MAP OF MODULE:  E:\PROGRAMACION\MSD\F34X_MSD.OMF (F34X_MSD_CF_BASIC_FUNCT
>> IONS)


BL51 BANKED LINKER/LOCATER V6.00            07/24/2007  22:07:38  PAGE 3


            TYPE    BASE      LENGTH    RELOCATION   SEGMENT NAME
            -----------------------------------------------------

            * * * * * * *   D A T A   M E M O R Y   * * * * * * *
            REG     0000H     0008H     ABSOLUTE     "REG BANK 0"
            DATA    0008H     0005H     UNIT         _DATA_GROUP_
            DATA    000DH     0002H     UNIT         ?C?LIB_DATA
            IDATA   000FH     0010H     UNIT         _IDATA_GROUP_
                    001FH     0001H                  *** GAP ***
            BIT     0020H.0   0001H.1   UNIT         _BIT_GROUP_
            BIT     0021H.1   0000H.1   UNIT         ?BI?F34X_MSD_MMC
                    0021H.2   0000H.6                *** GAP ***
            IDATA   0022H     0001H     UNIT         ?STACK

            * * * * * * *  X D A T A   M E M O R Y  * * * * * * *
            XDATA   0000H     026CH     UNIT         _XDATA_GROUP_
            XDATA   026CH     0212H     UNIT         ?XD?F34X_MSD_SECT_SERV
            XDATA   047EH     00D6H     UNIT         ?XD?F34X_MSD_FILE_SYSTEM
            XDATA   0554H     0096H     UNIT         ?XD?F34X_MSD_USB_ISR
            XDATA   05EAH     002DH     UNIT         ?XD?F34X_MSD_MSD
            XDATA   0617H     002CH     UNIT         ?XD?F34X_MSD_CMD
            XDATA   0643H     001AH     UNIT         ?XD?F34X_MSD_MMC
            XDATA   065DH     0017H     UNIT         ?XD?F34X_MSD_LOG
            XDATA   0674H     0017H     UNIT         ?XD?F34X_MSD_TEMP_SENSOR
            XDATA   068BH     000DH     UNIT         ?XD?F34X_MSD_SCSI
            XDATA   0698H     000CH     UNIT         ?XD?F34X_MSD_USB_DESCRIPT
>> OR
            XDATA   06A4H     0004H     UNIT         ?XD?F34X_MSD_USB_MAIN
            XDATA   06A8H     0004H     UNIT         ?XD?F34X_MSD_UTIL
            XDATA   06ACH     0002H     UNIT         ?XD?F34X_MSD_VBUS_FUNCTIO
>> NS

            * * * * * * *   C O D E   M E M O R Y   * * * * * * *
            CODE    0000H     0003H     ABSOLUTE     
            CODE    0003H     0028H     UNIT         ?PR?STOP_LOGGING?F34X_MSD
>> _LOG
            CODE    002BH     0003H     ABSOLUTE     
            CODE    002EH     0015H     UNIT         ?PR?_STRLEN?STRLEN
            CODE    0043H     0003H     ABSOLUTE     
            CODE    0046H     0CDBH     UNIT         ?C?LIB_CODE
            CODE    0D21H     042AH     UNIT         ?PR?CMD_EXEC?F34X_MSD_CMD
>> 
            CODE    114BH     037CH     UNIT         ?PR?F34X_MSD_FILE_SYSTEM
            CODE    14C7H     0365H     UNIT         ?PR?PRINTF?PRINTF
            CODE    182CH     0323H     UNIT         ?PR?MMC_FLASH_INIT?F34X_M
>> SD_MMC
            CODE    1B4FH     02B7H     UNIT         ?PR?_FWRITE?F34X_MSD_FILE
>> _SYSTEM
            CODE    1E06H     02B1H     UNIT         ?PR?_MMC_COMMAND_EXEC?F34
>> X_MSD_MMC
            CODE    20B7H     0200H     UNIT         ?PR?_RMDIR?F34X_MSD_FILE_
>> SYSTEM
            CODE    22B7H     01CDH     UNIT         ?CO?F34X_MSD_CMD
            CODE    2484H     01B9H     UNIT         ?PR?HANDLE_SETUP?F34X_MSD
>> _USB_ISR
            CODE    263DH     01B3H     UNIT         ?PR?_FREAD?F34X_MSD_FILE_
>> SYSTEM
            CODE    27F0H     0180H     UNIT         ?PR?_FAT_CHAIN_ALLOC?F34X
>> _MSD_FILE_SYSTEM
            CODE    2970H     0175H     UNIT         ?PR?_?SECT_VALIDATE?F34X_
>> MSD_SECT_SERV
            CODE    2AE5H     0148H     UNIT         ?PR?_FINDNEXT?F34X_MSD_FI
>> LE_SYSTEM
            CODE    2C2DH     0126H     UNIT         ?PR?_CHNGDIR?F34X_MSD_FIL
>> E_SYSTEM
BL51 BANKED LINKER/LOCATER V6.00            07/24/2007  22:07:38  PAGE 4


            CODE    2D53H     0117H     UNIT         ?PR?_FCREATE?F34X_MSD_FIL
>> E_SYSTEM
            CODE    2E6AH     010CH     UNIT         ?PR?_ATOL?ATOL
            CODE    2F76H     00FDH     UNIT         ?PR?GET_DESCRIPTOR?F34X_M
>> SD_USB_STD_REQ
            CODE    3073H     00F0H     UNIT         ?CO?F34X_MSD_MMC
            CODE    3163H     00EFH     UNIT         ?PR?_MKDIR?F34X_MSD_FILE_
>> SYSTEM
            CODE    3252H     00ECH     UNIT         ?PR?_FOPEN?F34X_MSD_FILE_
>> SYSTEM
            CODE    333EH     00EBH     UNIT         ?CO?F34X_MSD_DIR_COMMANDS
>> 
            CODE    3429H     00E8H     UNIT         ?PR?_REMOVE_DIRECORY?F34X
>> _MSD_DIR_COMMANDS
            CODE    3511H     00E3H     UNIT         ?PR?_MAKE_DIRECTORY?F34X_
>> MSD_DIR_COMMANDS
            CODE    35F4H     00E3H     UNIT         ?PR?SCSI_RX?F34X_MSD_SCSI
>> 
            CODE    36D7H     00DDH     UNIT         ?PR?_FILE_NAME_MATCH?F34X
>> _MSD_FILE_SYSTEM
            CODE    37B4H     00D9H     UNIT         ?PR?_FAT_CHAIN?F34X_MSD_F
>> ILE_SYSTEM
            CODE    388DH     00D7H     UNIT         ?PR?_FAT_CHAIN_FREE?F34X_
>> MSD_FILE_SYSTEM
            CODE    3964H     00D5H     UNIT         ?PR?_CHANGE_DIRECTORY?F34
>> X_MSD_DIR_COMMANDS
            CODE    3A39H     00D5H     UNIT         ?PR?F34X_MSD_SCSI
            CODE    3B0EH     00CAH     UNIT         ?PR?CMD_DIR?F34X_MSD_CMD
            CODE    3BD8H     00C9H     UNIT         ?PR?SCSI_WRITE10?F34X_MSD
>> _SCSI
            CODE    3CA1H     00C4H     UNIT         ?PR?MSD_STEP?F34X_MSD_MSD
>> 
            CODE    3D65H     00BFH     UNIT         ?PR?_STRSTR?STRSTR
            CODE    3E24H     00BEH     UNIT         USB_PROCEDURE
            CODE    3EE2H     00B4H     UNIT         ?CO?F34X_MSD_USB_DESCRIPT
>> OR
            CODE    3F96H     00B3H     UNIT         ?PR?GET_STATUS?F34X_MSD_U
>> SB_STD_REQ
            CODE    4049H     00AFH     UNIT         ?PR?SCSI_READ10?F34X_MSD_
>> SCSI
            CODE    40F8H     00AFH     UNIT         ?PR?USB_ISR?F34X_MSD_USB_
>> ISR
            CODE    41A7H     00ACH     UNIT         ?PR?LOG_STEP?F34X_MSD_LOG
>> 
            CODE    4253H     00A8H     UNIT         ?PR?_WRITE_SECTOR?F34X_MS
>> D_CF_BASIC_FUNCTIONS
            CODE    42FBH     00A2H     UNIT         ?PR?_CMD_TYPE?F34X_MSD_CM
>> D
            CODE    439DH     0095H     UNIT         ?PR?CLEAR_FEATURE?F34X_MS
>> D_USB_STD_REQ
            CODE    4432H     0094H     UNIT         ?PR?SET_FEATURE?F34X_MSD_
>> USB_STD_REQ
            CODE    44C6H     0093H     UNIT         ?PR?TEMP_LOG_STEP?F34X_MS
>> D_TEMP_SENSOR
            CODE    4559H     0091H     UNIT         ?PR?_READ_SECTOR?F34X_MSD
>> _CF_BASIC_FUNCTIONS
            CODE    45EAH     0090H     UNIT         ?PR?_GET_FILE_NAME?F34X_M
>> SD_FILE_SYSTEM
            CODE    467AH     008EH     UNIT         ?PR?F34X_MSD_MMC
            CODE    4708H     008CH     UNIT         ?C_C51STARTUP
            CODE    4794H     008AH     UNIT         ?CO?F34X_MSD_TEMP_SENSOR
            CODE    481EH     0084H     UNIT         ?PR?_FILLDIRENTRY?F34X_MS
>> D_FILE_SYSTEM
            CODE    48A2H     0082H     UNIT         ?PR?SET_CONFIGURATION?F34
>> X_MSD_USB_STD_REQ
BL51 BANKED LINKER/LOCATER V6.00            07/24/2007  22:07:38  PAGE 5


            CODE    4924H     007EH     UNIT         ?CO?F34X_MSD_LOG
            CODE    49A2H     007DH     UNIT         ?PR?_STR_TOKEN?F34X_MSD_U
>> TIL
            CODE    4A1FH     007CH     UNIT         ?PR?CMD_STEP?F34X_MSD_CMD
>> 
            CODE    4A9BH     007BH     UNIT         ?PR?SECT_INIT?F34X_MSD_SE
>> CT_SERV
            CODE    4B16H     0078H     UNIT         ?PR?F34X_MSD_CMD
            CODE    4B8EH     0076H     UNIT         ?PR?_STRNCMP?STRNCMP
            CODE    4C04H     0074H     UNIT         ?PR?F34X_MSD_DIR_COMMANDS
>> 
            CODE    4C78H     0072H     UNIT         ?PR?HANDLE_OUT2?F34X_MSD_
>> USB_ISR
            CODE    4CEAH     006BH     UNIT         ?PR?_HTONL?F34X_MSD_UTIL
            CODE    4D55H     0068H     UNIT         ?PR?_LOG?F34X_MSD_LOG
            CODE    4DBDH     0068H     UNIT         ?PR?_TEMP_LOG?F34X_MSD_TE
>> MP_SENSOR
            CODE    4E25H     0064H     UNIT         ?PR?_SECT_WRITE_MULTI_FAT
>> ?F34X_MSD_SECT_SERV
            CODE    4E89H     0063H     UNIT         ?PR?_HANDLE_IN1?F34X_MSD_
>> USB_ISR
            CODE    4EECH     0062H     UNIT         ?PR?F34X_MSD_CF_BASIC_FUN
>> CTIONS
            CODE    4F4EH     0060H     UNIT         ?CO?F34X_MSD_SECT_SERV
            CODE    4FAEH     005FH     UNIT         ?PR?PORT_INIT?F34X_MSD_US
>> B_MAIN
            CODE    500DH     005DH     UNIT         ?PR?_FINDFIRST?F34X_MSD_F
>> ILE_SYSTEM
            CODE    506AH     0059H     UNIT         ?PR?CLEAR_FATS?F34X_MSD_F
>> ORMAT_DISK
            CODE    50C3H     0059H     UNIT         ?PR?_USB_IN?F34X_MSD_USB_
>> ISR
            CODE    511CH     0058H     UNIT         ?PR?F34X_MSD_SECT_SERV
            CODE    5174H     0055H     UNIT         ?PR?_CMD_MATCH?F34X_MSD_C
>> MD
            CODE    51C9H     0055H     UNIT         ?PR?GET_CONFIGURATION?F34
>> X_MSD_USB_STD_REQ
            CODE    521EH     0054H     UNIT         ?C_INITSEG
            CODE    5272H     0054H     UNIT         ?PR?SCSI_READ_CAPACITY10?
>> F34X_MSD_SCSI
            CODE    52C6H     0054H     UNIT         ?PR?_SECT_READ?F34X_MSD_S
>> ECT_SERV
            CODE    531AH     0051H     UNIT         ?PR?INIT_CF?F34X_MSD_CF_B
>> ASIC_FUNCTIONS
            CODE    536BH     004EH     UNIT         ?PR?_FIFO_READC?F34X_MSD_
>> USB_ISR
            CODE    53B9H     004DH     UNIT         ?PR?_WAIT_MS?F34X_MSD_MMC
>> 
            CODE    5406H     004DH     UNIT         ?PR?_SCSI_SEND?F34X_MSD_S
>> CSI
            CODE    5453H     004DH     UNIT         ?PR?TIMER2_ISR?F34X_MSD_U
>> SB_MAIN
            CODE    54A0H     004DH     UNIT         ?PR?SWITCH_ON_OFF_UART?F3
>> 4X_MSD_VBUS_FUNCTIONS
            CODE    54EDH     004BH     UNIT         ?PR?_FDELETE?F34X_MSD_FIL
>> E_SYSTEM
            CODE    5538H     004BH     UNIT         MMC_COMMAND
            CODE    5583H     004BH     UNIT         ?PR?USB0_INIT?F34X_MSD_US
>> B_MAIN
            CODE    55CEH     004BH     UNIT         ?PR?SET_ADDRESS?F34X_MSD_
>> USB_STD_REQ
            CODE    5619H     004BH     UNIT         ?PR?F34X_MSD_USB_STD_REQ
            CODE    5664H     004AH     UNIT         ?PR?_FINDVALID?F34X_MSD_F
>> ILE_SYSTEM
            CODE    56AEH     0048H     UNIT         ?PR?_CLEAR_CLUSTER?F34X_M
BL51 BANKED LINKER/LOCATER V6.00            07/24/2007  22:07:38  PAGE 6


>> SD_FILE_SYSTEM
            CODE    56F6H     0047H     UNIT         ?PR?SECT_PRINT?F34X_MSD_S
>> ECT_SERV
            CODE    573DH     0046H     UNIT         ?PR?_IDENTIFY_DRIVE?F34X_
>> MSD_CF_BASIC_FUNCTIONS
            CODE    5783H     0044H     UNIT         ?C?LDIV
            CODE    57C7H     0042H     UNIT         ?PR?_GET_CLUSTER_FROM_SEC
>> TOR?F34X_MSD_FILE_SYSTEM
            CODE    5809H     0042H     UNIT         ?PR?GET_INTERFACE?F34X_MS
>> D_USB_STD_REQ
            CODE    584BH     003DH     UNIT         ?CO?F34X_MSD_VBUS_FUNCTIO
>> NS
            CODE    5888H     0037H     UNIT         ?PR?_GET_FIRST_BLOCK_OF_N
>> EXT_CLUSTER?F34X_MSD_FILE_SYSTEM
            CODE    58BFH     0036H     UNIT         ?PR?_GET_FIRST_BLOCK_DIRE
>> CTORY_CLUSTER?F34X_MSD_FILE_SYSTEM
            CODE    58F5H     0035H     UNIT         ?PR?_SECT_WRITE?F34X_MSD_
>> SECT_SERV
            CODE    592AH     0035H     UNIT         ?PR?SET_INTERFACE?F34X_MS
>> D_USB_STD_REQ
            CODE    595FH     0032H     UNIT         ?PR?MAIN?F34X_MSD_USB_MAI
>> N
            CODE    5991H     0031H     UNIT         ?PR?_MMC_FLASH_BLOCK_READ
>> ?F34X_MSD_MMC
            CODE    59C2H     0031H     UNIT         ?PR?_MMC_FLASH_BLOCK_WRIT
>> E?F34X_MSD_MMC
            CODE    59F3H     0030H     UNIT         ?PR?CLEAR_DIR_ENTRIES?F34
>> X_MSD_FORMAT_DISK
            CODE    5A23H     002FH     UNIT         ?PR?CMD_INIT?F34X_MSD_CMD
>> 
            CODE    5A52H     002DH     UNIT         ?PR?F34X_MSD_TEMP_SENSOR
            CODE    5A7FH     002CH     UNIT         ?PR?SECT_ROOT_DIR?F34X_MS
>> D_SECT_SERV
            CODE    5AABH     002BH     UNIT         ?PR?_GET_NEXT_CLUSTER?F34
>> X_MSD_FILE_SYSTEM
            CODE    5AD6H     002AH     UNIT         ?PR?WAIT_DRQ?F34X_MSD_CF_
>> BASIC_FUNCTIONS
            CODE    5B00H     002AH     UNIT         ?PR?_GET_FIRST_SECTOR?F34
>> X_MSD_FILE_SYSTEM
            CODE    5B2AH     0028H     UNIT         ?PR?UART0_INIT?F34X_MSD_U
>> ART
            CODE    5B52H     0026H     UNIT         ?PR?GETCLUSTEROFPARENTDIR
>> ECTORY?F34X_MSD_FILE_SYSTEM
            CODE    5B78H     0026H     UNIT         ?PR?SECT_ROOT_DIR_LAST?F3
>> 4X_MSD_SECT_SERV
            CODE    5B9EH     0023H     UNIT         ?PR?GET_STATUS_MMC?F34X_M
>> SD_MMC
            CODE    5BC1H     0022H     UNIT         ?PR?_CALIBRATE?F34X_MSD_T
>> EMP_SENSOR
            CODE    5BE3H     0021H     UNIT         ?PR?_FEOF?F34X_MSD_FILE_S
>> YSTEM
            CODE    5C04H     0020H     UNIT         ?CO?F34X_MSD_SCSI
            CODE    5C24H     001FH     UNIT         ?PR?_CF_GET_REGISTER_VALU
>> E?F34X_MSD_CF_BASIC_FUNCTIONS
            CODE    5C43H     001EH     UNIT         ?PR?TEMP_SENSOR_STOP_LOGG
>> ING?F34X_MSD_TEMP_SENSOR
            CODE    5C61H     001EH     UNIT         ?PR?F34X_MSD_UTIL
            CODE    5C7FH     001DH     UNIT         ?PR?USB_RESET?F34X_MSD_US
>> B_ISR
            CODE    5C9CH     001DH     UNIT         ?PR?FORCE_STALL?F34X_MSD_
>> USB_ISR
            CODE    5CB9H     001CH     UNIT         ?PR?SECT_FILE_DATA?F34X_M
>> SD_SECT_SERV
            CODE    5CD5H     001CH     UNIT         ?PR?_STRCHR?STRCHR
            CODE    5CF1H     001BH     UNIT         ?PR?_CF_SET_REGISTER_VALU
BL51 BANKED LINKER/LOCATER V6.00            07/24/2007  22:07:38  PAGE 7


>> E?F34X_MSD_CF_BASIC_FUNCTIONS
            CODE    5D0CH     001BH     UNIT         ?PR?GETCHAR?F34X_MSD_GET_
>> CHAR
            CODE    5D27H     001BH     UNIT         ?PR?SYS_CLK_INIT?F34X_MSD
>> _USB_MAIN
            CODE    5D42H     0019H     UNIT         ?PR?F34X_MSD_FORMAT_DISK
            CODE    5D5BH     0019H     UNIT         ?PR?F34X_MSD_USB_ISR
            CODE    5D74H     0018H     UNIT         ?PR?GET_TEMP?F34X_MSD_TEM
>> P_SENSOR
            CODE    5D8CH     0016H     UNIT         ?PR?TIMER_INIT?F34X_MSD_U
>> SB_MAIN
            CODE    5DA2H     0016H     UNIT         ?PR?DELAY?F34X_MSD_USB_MA
>> IN
            CODE    5DB8H     0014H     UNIT         ?PR?INIT_TEMP_SENSOR?F34X
>> _MSD_TEMP_SENSOR
            CODE    5DCCH     0014H     UNIT         ?PR?_ISSPACE?ISSPACE
            CODE    5DE0H     0013H     UNIT         ?PR?FILESYS_INIT?F34X_MSD
>> _FILE_SYSTEM
            CODE    5DF3H     0013H     UNIT         ?PR?GET_TEMP_VALUE?F34X_M
>> SD_TEMP_SENSOR
            CODE    5E06H     0012H     UNIT         ?PR?WRITE_CURRENT_DIR?F34
>> X_MSD_FILE_SYSTEM
            CODE    5E18H     0012H     UNIT         ?PR?_WAIT_NS?F34X_MSD_MMC
>> 
            CODE    5E2AH     0012H     UNIT         ?PR?OUT2_DONE?F34X_MSD_US
>> B_ISR
            CODE    5E3CH     0011H     UNIT         ?PR?SCSI_INQUIRY?F34X_MSD
>> _SCSI
            CODE    5E4DH     0011H     UNIT         ?PR?SCSI_MODE_SENSE6?F34X
>> _MSD_SCSI
            CODE    5E5EH     0011H     UNIT         ?PR?_TOLOWER?TOLOWER
            CODE    5E6FH     0011H     UNIT         ?PR?_TOUPPER?TOUPPER
            CODE    5E80H     0010H     UNIT         ?PR?SECT_FAT2?F34X_MSD_SE
>> CT_SERV
            CODE    5E90H     000FH     UNIT         ?PR?_ISDIGIT?ISDIGIT
            CODE    5E9FH     000EH     UNIT         ?PR?WAIT_BUSY?F34X_MSD_CF
>> _BASIC_FUNCTIONS
            CODE    5EADH     000EH     UNIT         ?PR?SPI_INIT?F34X_MSD_MMC
>> 
            CODE    5EBBH     000DH     UNIT         ?PR?F34X_MSD_LOG
            CODE    5EC8H     000DH     UNIT         ?PR?_OUT2_GET_DATA?F34X_M
>> SD_USB_ISR
            CODE    5ED5H     000CH     UNIT         ?CO?F34X_MSD_UART
            CODE    5EE1H     000CH     UNIT         ?PR?USB_BULK_INIT?F34X_MS
>> D_USB_ISR
            CODE    5EEDH     000BH     UNIT         ?PR?_HTONS?F34X_MSD_UTIL
            CODE    5EF8H     000AH     UNIT         ?CO?F34X_MSD_FILE_SYSTEM
            CODE    5F02H     000AH     UNIT         ?PR?_WRITE_READ_SPI_BYTE?
>> F34X_MSD_MMC
            CODE    5F0CH     000AH     UNIT         ?PR?KEY_AVAILABLE?F34X_MS
>> D_UART
            CODE    5F16H     000AH     UNIT         ?PR?USB_RESUME?F34X_MSD_U
>> SB_ISR
            CODE    5F20H     000AH     UNIT         ?PR?USB_SUSPEND?F34X_MSD_
>> USB_ISR
            CODE    5F2AH     000AH     UNIT         ?PR?F34X_MSD_USB_MAIN
            CODE    5F34H     000AH     UNIT         ?PR?_GETKEY?_GETKEY
            CODE    5F3EH     0009H     UNIT         ?PR?CMD_HELP?F34X_MSD_CMD
>> 
            CODE    5F47H     0008H     UNIT         ?PR?_PUTCHAR?F34X_MSD_PUT
>> _CHAR
            CODE    5F4FH     0007H     UNIT         ?PR?_FCLOSE?F34X_MSD_FILE
>> _SYSTEM
            CODE    5F56H     0007H     UNIT         ?PR?FORMAT_DISK?F34X_MSD_
>> FORMAT_DISK
BL51 BANKED LINKER/LOCATER V6.00            07/24/2007  22:07:38  PAGE 8


            CODE    5F5DH     0007H     UNIT         ?PR?SECT_SECTORS?F34X_MSD
>> _SECT_SERV
            CODE    5F64H     0006H     UNIT         ?PR?DTCT_CARD?F34X_MSD_CF
>> _BASIC_FUNCTIONS
            CODE    5F6AH     0006H     UNIT         ?CO?F34X_MSD_UTIL
            CODE    5F70H     0004H     UNIT         ?PR?SECT_FAT1?F34X_MSD_SE
>> CT_SERV
            CODE    5F74H     0004H     UNIT         ?CO?F34X_MSD_USB_STD_REQ



OVERLAY MAP OF MODULE:   E:\PROGRAMACION\MSD\F34X_MSD.OMF (F34X_MSD_CF_BASIC_F
>> UNCTIONS)


SEGMENT                                             BIT_GROUP          DATA_GR
>> OUP          IDATA_GROUP         XDATA_GROUP
  +--> CALLED SEGMENT                            START    LENGTH     START    
>> LENGTH     START    LENGTH     START    LENGTH
------------------------------------------------------------------------------
>> ----------------------------------------------
?PR?USB_ISR?F34X_MSD_USB_ISR                     -----    -----      -----    
>> -----      -----    -----      0000H    0003H
  +--> ?PR?USB_RESUME?F34X_MSD_USB_ISR
  +--> ?PR?USB_RESET?F34X_MSD_USB_ISR
  +--> ?PR?HANDLE_SETUP?F34X_MSD_USB_ISR
  +--> ?PR?HANDLE_OUT2?F34X_MSD_USB_ISR
  +--> ?PR?USB_SUSPEND?F34X_MSD_USB_ISR

?PR?USB_RESUME?F34X_MSD_USB_ISR                  -----    -----      -----    
>> -----      -----    -----      0003H    0002H

?PR?HANDLE_SETUP?F34X_MSD_USB_ISR                -----    -----      -----    
>> -----      -----    -----      0003H    0002H
  +--> ?PR?_FIFO_READC?F34X_MSD_USB_ISR
  +--> ?PR?F34X_MSD_USB_ISR
  +--> ?PR?GET_STATUS?F34X_MSD_USB_STD_REQ
  +--> ?PR?CLEAR_FEATURE?F34X_MSD_USB_STD_REQ
  +--> ?PR?SET_FEATURE?F34X_MSD_USB_STD_REQ
  +--> ?PR?SET_ADDRESS?F34X_MSD_USB_STD_REQ
  +--> ?PR?GET_DESCRIPTOR?F34X_MSD_USB_STD_REQ
  +--> ?PR?GET_CONFIGURATION?F34X_MSD_USB_ST...
  +--> ?PR?SET_CONFIGURATION?F34X_MSD_USB_ST...
  +--> ?PR?GET_INTERFACE?F34X_MSD_USB_STD_REQ
  +--> ?PR?SET_INTERFACE?F34X_MSD_USB_STD_REQ
  +--> ?PR?FORCE_STALL?F34X_MSD_USB_ISR

?PR?_FIFO_READC?F34X_MSD_USB_ISR                 -----    -----      -----    
>> -----      -----    -----      0005H    0006H

?PR?GET_STATUS?F34X_MSD_USB_STD_REQ              -----    -----      -----    
>> -----      -----    -----      -----    -----
  +--> ?PR?FORCE_STALL?F34X_MSD_USB_ISR
  +--> ?CO?F34X_MSD_USB_STD_REQ
  +--> ?PR?F34X_MSD_USB_STD_REQ

?PR?F34X_MSD_USB_STD_REQ                         -----    -----      -----    
>> -----      -----    -----      -----    -----
  +--> ?CO?F34X_MSD_USB_STD_REQ

?PR?CLEAR_FEATURE?F34X_MSD_USB_STD_REQ           -----    -----      -----    
>> -----      -----    -----      -----    -----
  +--> ?PR?F34X_MSD_USB_STD_REQ
  +--> ?PR?FORCE_STALL?F34X_MSD_USB_ISR

BL51 BANKED LINKER/LOCATER V6.00            07/24/2007  22:07:38  PAGE 9


?PR?SET_FEATURE?F34X_MSD_USB_STD_REQ             -----    -----      -----    
>> -----      -----    -----      -----    -----
  +--> ?PR?F34X_MSD_USB_STD_REQ
  +--> ?PR?FORCE_STALL?F34X_MSD_USB_ISR

?PR?SET_ADDRESS?F34X_MSD_USB_STD_REQ             -----    -----      -----    
>> -----      -----    -----      -----    -----
  +--> ?PR?FORCE_STALL?F34X_MSD_USB_ISR
  +--> ?PR?F34X_MSD_USB_STD_REQ

?PR?GET_DESCRIPTOR?F34X_MSD_USB_STD_REQ          -----    -----      -----    
>> -----      -----    -----      -----    -----
  +--> ?CO?F34X_MSD_USB_DESCRIPTOR
  +--> ?PR?F34X_MSD_USB_STD_REQ
  +--> ?PR?FORCE_STALL?F34X_MSD_USB_ISR

?PR?GET_CONFIGURATION?F34X_MSD_USB_ST...         -----    -----      -----    
>> -----      -----    -----      -----    -----
  +--> ?PR?FORCE_STALL?F34X_MSD_USB_ISR
  +--> ?CO?F34X_MSD_USB_STD_REQ
  +--> ?PR?F34X_MSD_USB_STD_REQ

?PR?SET_CONFIGURATION?F34X_MSD_USB_ST...         -----    -----      -----    
>> -----      -----    -----      -----    -----
  +--> ?PR?FORCE_STALL?F34X_MSD_USB_ISR
  +--> ?PR?F34X_MSD_USB_STD_REQ

?PR?GET_INTERFACE?F34X_MSD_USB_STD_REQ           -----    -----      -----    
>> -----      -----    -----      -----    -----
  +--> ?PR?F34X_MSD_USB_STD_REQ
  +--> ?PR?FORCE_STALL?F34X_MSD_USB_ISR

?PR?SET_INTERFACE?F34X_MSD_USB_STD_REQ           -----    -----      -----    
>> -----      -----    -----      -----    -----
  +--> ?PR?FORCE_STALL?F34X_MSD_USB_ISR
  +--> ?PR?F34X_MSD_USB_STD_REQ

?PR?USB_SUSPEND?F34X_MSD_USB_ISR                 -----    -----      -----    
>> -----      -----    -----      0003H    0002H

*** NEW ROOT ***************************************************

?C_C51STARTUP                                    -----    -----      -----    
>> -----      -----    -----      -----    -----
  +--> ?PR?MAIN?F34X_MSD_USB_MAIN
  +--> ?C_INITSEG

?PR?MAIN?F34X_MSD_USB_MAIN                       -----    -----      -----    
>> -----      -----    -----      -----    -----
  +--> ?PR?SYS_CLK_INIT?F34X_MSD_USB_MAIN
  +--> ?PR?PORT_INIT?F34X_MSD_USB_MAIN
  +--> ?PR?UART0_INIT?F34X_MSD_UART
  +--> ?PR?INIT_TEMP_SENSOR?F34X_MSD_TEMP_SE...
  +--> ?PR?SECT_INIT?F34X_MSD_SECT_SERV
  +--> ?PR?TIMER_INIT?F34X_MSD_USB_MAIN
  +--> ?PR?USB0_INIT?F34X_MSD_USB_MAIN
  +--> ?PR?FILESYS_INIT?F34X_MSD_FILE_SYSTEM
  +--> ?PR?CMD_INIT?F34X_MSD_CMD
  +--> ?PR?USB_BULK_INIT?F34X_MSD_USB_ISR
  +--> ?PR?CMD_STEP?F34X_MSD_CMD
  +--> ?PR?MSD_STEP?F34X_MSD_MSD
  +--> ?PR?LOG_STEP?F34X_MSD_LOG
  +--> ?PR?TEMP_LOG_STEP?F34X_MSD_TEMP_SENSOR
  +--> ?PR?SWITCH_ON_OFF_UART?F34X_MSD_VBUS_...

BL51 BANKED LINKER/LOCATER V6.00            07/24/2007  22:07:38  PAGE 10


?PR?SYS_CLK_INIT?F34X_MSD_USB_MAIN               -----    -----      -----    
>> -----      -----    -----      -----    -----
  +--> ?PR?DELAY?F34X_MSD_USB_MAIN

?PR?DELAY?F34X_MSD_USB_MAIN                      -----    -----      000AH    
>> 0002H      -----    -----      -----    -----

?PR?PORT_INIT?F34X_MSD_USB_MAIN                  -----    -----      0008H    
>> 0002H      -----    -----      -----    -----
  +--> ?PR?DELAY?F34X_MSD_USB_MAIN
  +--> ?PR?F34X_MSD_USB_MAIN

?PR?UART0_INIT?F34X_MSD_UART                     -----    -----      -----    
>> -----      -----    -----      000BH    0002H
  +--> ?CO?F34X_MSD_UART
  +--> ?PR?PRINTF?PRINTF

?PR?PRINTF?PRINTF                                0020H.0  0001H.1    0008H    
>> 0005H      -----    -----      0244H    0028H
  +--> ?PR?_PUTCHAR?F34X_MSD_PUT_CHAR

?PR?SECT_INIT?F34X_MSD_SECT_SERV                 -----    -----      -----    
>> -----      -----    -----      000BH    0003H
  +--> ?PR?INIT_CF?F34X_MSD_CF_BASIC_FUNCTIONS
  +--> ?PR?F34X_MSD_SECT_SERV
  +--> ?PR?_IDENTIFY_DRIVE?F34X_MSD_CF_BASIC...
  +--> ?PR?MMC_FLASH_INIT?F34X_MSD_MMC
  +--> ?PR?_SECT_READ?F34X_MSD_SECT_SERV
  +--> ?PR?_?SECT_VALIDATE?F34X_MSD_SECT_SERV

?PR?INIT_CF?F34X_MSD_CF_BASIC_FUNCTIONS          -----    -----      -----    
>> -----      -----    -----      000EH    0004H
  +--> ?PR?DTCT_CARD?F34X_MSD_CF_BASIC_FUNCT...
  +--> ?PR?F34X_MSD_CF_BASIC_FUNCTIONS
  +--> ?PR?_CF_GET_REGISTER_VALUE?F34X_MSD_C...

?PR?F34X_MSD_CF_BASIC_FUNCTIONS                  -----    -----      -----    
>> -----      -----    -----      -----    -----
  +--> ?PR?_CF_GET_REGISTER_VALUE?F34X_MSD_C...
  +--> ?PR?DTCT_CARD?F34X_MSD_CF_BASIC_FUNCT...

?PR?_CF_GET_REGISTER_VALUE?F34X_MSD_C...         -----    -----      -----    
>> -----      -----    -----      -----    -----
  +--> ?PR?_CF_SET_REGISTER_VALUE?F34X_MSD_C...

?PR?_IDENTIFY_DRIVE?F34X_MSD_CF_BASIC...         -----    -----      -----    
>> -----      -----    -----      000EH    0004H
  +--> ?PR?F34X_MSD_CF_BASIC_FUNCTIONS
  +--> ?PR?_CF_SET_REGISTER_VALUE?F34X_MSD_C...
  +--> ?PR?_CF_GET_REGISTER_VALUE?F34X_MSD_C...
  +--> ?PR?WAIT_DRQ?F34X_MSD_CF_BASIC_FUNCTIONS

?PR?WAIT_DRQ?F34X_MSD_CF_BASIC_FUNCTIONS         -----    -----      -----    
>> -----      -----    -----      024CH    0004H
  +--> ?PR?_CF_GET_REGISTER_VALUE?F34X_MSD_C...

?PR?MMC_FLASH_INIT?F34X_MSD_MMC                  -----    -----      -----    
>> -----      -----    -----      000EH    000CH
  +--> ?PR?SPI_INIT?F34X_MSD_MMC
  +--> ?PR?_WAIT_MS?F34X_MSD_MMC
  +--> ?PR?F34X_MSD_MMC
  +--> ?CO?F34X_MSD_MMC
  +--> ?PR?PRINTF?PRINTF
  +--> ?PR?_WRITE_READ_SPI_BYTE?F34X_MSD_MMC
  +--> ?PR?_MMC_FLASH_BLOCK_READ?F34X_MSD_MMC
BL51 BANKED LINKER/LOCATER V6.00            07/24/2007  22:07:38  PAGE 11


  +--> ?PR?_MMC_COMMAND_EXEC?F34X_MSD_MMC

?PR?_WAIT_MS?F34X_MSD_MMC                        -----    -----      -----    
>> -----      -----    -----      001AH    0006H
  +--> ?PR?F34X_MSD_MMC
  +--> ?PR?_WAIT_NS?F34X_MSD_MMC

?PR?_MMC_FLASH_BLOCK_READ?F34X_MSD_MMC           -----    -----      -----    
>> -----      -----    -----      0244H    0007H
  +--> ?PR?F34X_MSD_MMC
  +--> ?PR?_MMC_COMMAND_EXEC?F34X_MSD_MMC

?PR?_MMC_COMMAND_EXEC?F34X_MSD_MMC               -----    -----      -----    
>> -----      000FH    0010H      024BH    0010H
  +--> ?PR?F34X_MSD_MMC
  +--> ?CO?F34X_MSD_MMC
  +--> ?PR?_WRITE_READ_SPI_BYTE?F34X_MSD_MMC
  +--> ?PR?_WAIT_NS?F34X_MSD_MMC

?PR?_SECT_READ?F34X_MSD_SECT_SERV                -----    -----      -----    
>> -----      -----    -----      023DH    0007H
  +--> ?PR?F34X_MSD_SECT_SERV
  +--> ?PR?_MMC_FLASH_BLOCK_READ?F34X_MSD_MMC
  +--> ?CO?F34X_MSD_SECT_SERV
  +--> ?PR?PRINTF?PRINTF
  +--> ?PR?_READ_SECTOR?F34X_MSD_CF_BASIC_FU...

?PR?_READ_SECTOR?F34X_MSD_CF_BASIC_FU...         -----    -----      -----    
>> -----      -----    -----      0244H    0008H
  +--> ?PR?F34X_MSD_CF_BASIC_FUNCTIONS
  +--> ?PR?_CF_SET_REGISTER_VALUE?F34X_MSD_C...
  +--> ?PR?_CF_GET_REGISTER_VALUE?F34X_MSD_C...
  +--> ?PR?WAIT_DRQ?F34X_MSD_CF_BASIC_FUNCTIONS
  +--> ?PR?WAIT_BUSY?F34X_MSD_CF_BASIC_FUNCT...

?PR?WAIT_BUSY?F34X_MSD_CF_BASIC_FUNCT...         -----    -----      -----    
>> -----      -----    -----      -----    -----
  +--> ?PR?_CF_GET_REGISTER_VALUE?F34X_MSD_C...

?PR?_?SECT_VALIDATE?F34X_MSD_SECT_SERV           -----    -----      -----    
>> -----      -----    -----      -----    -----
  +--> ?PR?F34X_MSD_SECT_SERV
  +--> ?PR?_HTONL?F34X_MSD_UTIL
  +--> ?PR?_HTONS?F34X_MSD_UTIL
  +--> ?PR?_SECT_READ?F34X_MSD_SECT_SERV

?PR?_HTONL?F34X_MSD_UTIL                         -----    -----      -----    
>> -----      -----    -----      023DH    0008H
  +--> ?PR?F34X_MSD_UTIL

?PR?FILESYS_INIT?F34X_MSD_FILE_SYSTEM            -----    -----      -----    
>> -----      -----    -----      -----    -----
  +--> ?PR?SECT_ROOT_DIR?F34X_MSD_SECT_SERV
  +--> ?PR?F34X_MSD_FILE_SYSTEM

?PR?F34X_MSD_FILE_SYSTEM                         -----    -----      -----    
>> -----      -----    -----      -----    -----
  +--> ?CO?F34X_MSD_FILE_SYSTEM

?PR?CMD_INIT?F34X_MSD_CMD                        -----    -----      -----    
>> -----      -----    -----      -----    -----
  +--> ?PR?_PUTCHAR?F34X_MSD_PUT_CHAR
  +--> ?PR?SECT_PRINT?F34X_MSD_SECT_SERV
  +--> ?CO?F34X_MSD_CMD
  +--> ?PR?PRINTF?PRINTF
BL51 BANKED LINKER/LOCATER V6.00            07/24/2007  22:07:38  PAGE 12


  +--> ?PR?WRITE_CURRENT_DIR?F34X_MSD_FILE_S...

?PR?SECT_PRINT?F34X_MSD_SECT_SERV                -----    -----      -----    
>> -----      -----    -----      0014H    0003H
  +--> ?PR?F34X_MSD_SECT_SERV
  +--> ?CO?F34X_MSD_SECT_SERV
  +--> ?PR?SECT_SECTORS?F34X_MSD_SECT_SERV
  +--> ?PR?PRINTF?PRINTF

?PR?WRITE_CURRENT_DIR?F34X_MSD_FILE_S...         -----    -----      -----    
>> -----      -----    -----      -----    -----
  +--> ?PR?F34X_MSD_FILE_SYSTEM
  +--> ?CO?F34X_MSD_FILE_SYSTEM
  +--> ?PR?PRINTF?PRINTF

?PR?CMD_STEP?F34X_MSD_CMD                        -----    -----      -----    
>> -----      -----    -----      000BH    0001H
  +--> ?PR?KEY_AVAILABLE?F34X_MSD_UART
  +--> ?PR?GETCHAR?F34X_MSD_GET_CHAR
  +--> ?PR?_PUTCHAR?F34X_MSD_PUT_CHAR
  +--> ?PR?CMD_EXEC?F34X_MSD_CMD
  +--> ?PR?WRITE_CURRENT_DIR?F34X_MSD_FILE_S...

?PR?GETCHAR?F34X_MSD_GET_CHAR                    -----    -----      -----    
>> -----      -----    -----      000CH    0001H
  +--> ?PR?_GETKEY?_GETKEY
  +--> ?PR?_PUTCHAR?F34X_MSD_PUT_CHAR

?PR?CMD_EXEC?F34X_MSD_CMD                        -----    -----      -----    
>> -----      -----    -----      000CH    0008H
  +--> ?PR?_STR_TOKEN?F34X_MSD_UTIL
  +--> ?PR?F34X_MSD_CMD
  +--> ?PR?PRINTF?PRINTF
  +--> ?PR?_HTONL?F34X_MSD_UTIL
  +--> ?CO?F34X_MSD_CMD
  +--> ?PR?FORMAT_DISK?F34X_MSD_FORMAT_DISK
  +--> ?PR?_PUTCHAR?F34X_MSD_PUT_CHAR
  +--> ?PR?_FDELETE?F34X_MSD_FILE_SYSTEM
  +--> ?PR?CMD_DIR?F34X_MSD_CMD
  +--> ?PR?_SECT_READ?F34X_MSD_SECT_SERV
  +--> ?PR?_LOG?F34X_MSD_LOG
  +--> ?PR?_CMD_TYPE?F34X_MSD_CMD
  +--> ?PR?SECT_PRINT?F34X_MSD_SECT_SERV
  +--> ?PR?_CALIBRATE?F34X_MSD_TEMP_SENSOR
  +--> ?PR?_CHANGE_DIRECTORY?F34X_MSD_DIR_CO...
  +--> ?PR?_MAKE_DIRECTORY?F34X_MSD_DIR_COMM...
  +--> ?PR?_TEMP_LOG?F34X_MSD_TEMP_SENSOR
  +--> ?PR?_REMOVE_DIRECORY?F34X_MSD_DIR_COM...
  +--> ?PR?GET_STATUS_MMC?F34X_MSD_MMC
  +--> ?PR?_CMD_MATCH?F34X_MSD_CMD
  +--> ?PR?_SECT_WRITE?F34X_MSD_SECT_SERV
  +--> ?PR?CMD_HELP?F34X_MSD_CMD
  +--> ?PR?_ATOL?ATOL

?PR?_STR_TOKEN?F34X_MSD_UTIL                     -----    -----      -----    
>> -----      -----    -----      0014H    0003H
  +--> ?PR?F34X_MSD_UTIL
  +--> ?CO?F34X_MSD_UTIL
  +--> ?PR?_STRCHR?STRCHR

?PR?F34X_MSD_CMD                                 -----    -----      -----    
>> -----      -----    -----      -----    -----
  +--> ?CO?F34X_MSD_CMD

?PR?FORMAT_DISK?F34X_MSD_FORMAT_DISK             -----    -----      -----    
BL51 BANKED LINKER/LOCATER V6.00            07/24/2007  22:07:38  PAGE 13


>> -----      -----    -----      -----    -----
  +--> ?PR?CLEAR_FATS?F34X_MSD_FORMAT_DISK
  +--> ?PR?CLEAR_DIR_ENTRIES?F34X_MSD_FORMAT...

?PR?CLEAR_FATS?F34X_MSD_FORMAT_DISK              -----    -----      -----    
>> -----      -----    -----      0014H    0002H
  +--> ?PR?_SECT_READ?F34X_MSD_SECT_SERV
  +--> ?PR?_?SECT_VALIDATE?F34X_MSD_SECT_SERV
  +--> ?PR?F34X_MSD_FORMAT_DISK
  +--> ?PR?SECT_FAT1?F34X_MSD_SECT_SERV
  +--> ?PR?SECT_ROOT_DIR?F34X_MSD_SECT_SERV
  +--> ?PR?_SECT_WRITE?F34X_MSD_SECT_SERV

?PR?SECT_FAT1?F34X_MSD_SECT_SERV                 -----    -----      -----    
>> -----      -----    -----      -----    -----
  +--> ?PR?F34X_MSD_SECT_SERV

?PR?_SECT_WRITE?F34X_MSD_SECT_SERV               -----    -----      -----    
>> -----      -----    -----      0237H    0006H
  +--> ?PR?F34X_MSD_SECT_SERV
  +--> ?PR?_MMC_FLASH_BLOCK_WRITE?F34X_MSD_MMC
  +--> ?PR?_WRITE_SECTOR?F34X_MSD_CF_BASIC_F...
  +--> ?PR?_?SECT_VALIDATE?F34X_MSD_SECT_SERV

?PR?_MMC_FLASH_BLOCK_WRITE?F34X_MSD_MMC          -----    -----      -----    
>> -----      -----    -----      023DH    0007H
  +--> ?PR?F34X_MSD_MMC
  +--> ?PR?_MMC_COMMAND_EXEC?F34X_MSD_MMC

?PR?_WRITE_SECTOR?F34X_MSD_CF_BASIC_F...         -----    -----      -----    
>> -----      -----    -----      023DH    000AH
  +--> ?PR?F34X_MSD_CF_BASIC_FUNCTIONS
  +--> ?PR?_CF_SET_REGISTER_VALUE?F34X_MSD_C...
  +--> ?PR?_CF_GET_REGISTER_VALUE?F34X_MSD_C...
  +--> ?PR?WAIT_DRQ?F34X_MSD_CF_BASIC_FUNCTIONS
  +--> ?PR?WAIT_BUSY?F34X_MSD_CF_BASIC_FUNCT...

?PR?CLEAR_DIR_ENTRIES?F34X_MSD_FORMAT...         -----    -----      -----    
>> -----      -----    -----      0014H    0002H
  +--> ?PR?F34X_MSD_FORMAT_DISK
  +--> ?PR?SECT_ROOT_DIR?F34X_MSD_SECT_SERV
  +--> ?PR?SECT_ROOT_DIR_LAST?F34X_MSD_SECT_...
  +--> ?PR?_SECT_WRITE?F34X_MSD_SECT_SERV

?PR?SECT_ROOT_DIR_LAST?F34X_MSD_SECT_...         -----    -----      -----    
>> -----      -----    -----      -----    -----
  +--> ?PR?SECT_ROOT_DIR?F34X_MSD_SECT_SERV

?PR?_FDELETE?F34X_MSD_FILE_SYSTEM                -----    -----      -----    
>> -----      -----    -----      0038H    0003H
  +--> ?PR?F34X_MSD_FILE_SYSTEM
  +--> ?PR?_FINDFIRST?F34X_MSD_FILE_SYSTEM
  +--> ?PR?_FILE_NAME_MATCH?F34X_MSD_FILE_SY...
  +--> ?PR?_FINDNEXT?F34X_MSD_FILE_SYSTEM
  +--> ?PR?_SECT_WRITE?F34X_MSD_SECT_SERV
  +--> ?PR?_HTONS?F34X_MSD_UTIL
  +--> ?PR?_FAT_CHAIN_FREE?F34X_MSD_FILE_SYSTEM

?PR?_FINDFIRST?F34X_MSD_FILE_SYSTEM              -----    -----      -----    
>> -----      -----    -----      0212H    0004H
  +--> ?PR?F34X_MSD_FILE_SYSTEM
  +--> ?PR?_SECT_READ?F34X_MSD_SECT_SERV
  +--> ?PR?_FINDVALID?F34X_MSD_FILE_SYSTEM
  +--> ?PR?_FINDNEXT?F34X_MSD_FILE_SYSTEM

BL51 BANKED LINKER/LOCATER V6.00            07/24/2007  22:07:38  PAGE 14


?PR?_FINDVALID?F34X_MSD_FILE_SYSTEM              -----    -----      -----    
>> -----      -----    -----      0224H    0003H
  +--> ?PR?F34X_MSD_FILE_SYSTEM

?PR?_FINDNEXT?F34X_MSD_FILE_SYSTEM               -----    -----      -----    
>> -----      -----    -----      0216H    000EH
  +--> ?PR?SECT_ROOT_DIR?F34X_MSD_SECT_SERV
  +--> ?PR?F34X_MSD_FILE_SYSTEM
  +--> ?PR?_GET_FIRST_BLOCK_DIRECTORY_CLUSTE...
  +--> ?PR?SECT_ROOT_DIR_LAST?F34X_MSD_SECT_...
  +--> ?PR?_GET_CLUSTER_FROM_SECTOR?F34X_MSD...
  +--> ?PR?_GET_FIRST_BLOCK_OF_NEXT_CLUSTER?...
  +--> ?PR?_FAT_CHAIN_ALLOC?F34X_MSD_FILE_SY...
  +--> ?PR?_GET_FIRST_SECTOR?F34X_MSD_FILE_S...
  +--> ?PR?_CLEAR_CLUSTER?F34X_MSD_FILE_SYSTEM
  +--> ?PR?_SECT_READ?F34X_MSD_SECT_SERV
  +--> ?PR?_FINDVALID?F34X_MSD_FILE_SYSTEM

?PR?_GET_FIRST_BLOCK_DIRECTORY_CLUSTE...         -----    -----      -----    
>> -----      -----    -----      0224H    0002H
  +--> ?PR?_GET_CLUSTER_FROM_SECTOR?F34X_MSD...
  +--> ?PR?GETCLUSTEROFPARENTDIRECTORY?F34X_...
  +--> ?PR?_GET_NEXT_CLUSTER?F34X_MSD_FILE_S...
  +--> ?PR?_GET_FIRST_SECTOR?F34X_MSD_FILE_S...

?PR?_GET_CLUSTER_FROM_SECTOR?F34X_MSD...         -----    -----      -----    
>> -----      -----    -----      0226H    0004H
  +--> ?PR?SECT_FILE_DATA?F34X_MSD_SECT_SERV
  +--> ?PR?F34X_MSD_FILE_SYSTEM

?PR?SECT_FILE_DATA?F34X_MSD_SECT_SERV            -----    -----      -----    
>> -----      -----    -----      -----    -----
  +--> ?PR?SECT_ROOT_DIR_LAST?F34X_MSD_SECT_...

?PR?GETCLUSTEROFPARENTDIRECTORY?F34X_...         -----    -----      -----    
>> -----      -----    -----      -----    -----
  +--> ?PR?SECT_ROOT_DIR?F34X_MSD_SECT_SERV
  +--> ?PR?F34X_MSD_FILE_SYSTEM
  +--> ?PR?SECT_FILE_DATA?F34X_MSD_SECT_SERV

?PR?_GET_NEXT_CLUSTER?F34X_MSD_FILE_S...         -----    -----      -----    
>> -----      -----    -----      0226H    0005H
  +--> ?PR?F34X_MSD_FILE_SYSTEM
  +--> ?PR?SECT_FAT1?F34X_MSD_SECT_SERV
  +--> ?PR?_SECT_READ?F34X_MSD_SECT_SERV
  +--> ?PR?_HTONS?F34X_MSD_UTIL

?PR?_GET_FIRST_SECTOR?F34X_MSD_FILE_S...         -----    -----      -----    
>> -----      -----    -----      022AH    0002H
  +--> ?PR?SECT_FILE_DATA?F34X_MSD_SECT_SERV
  +--> ?PR?F34X_MSD_FILE_SYSTEM
  +--> ?PR?SECT_ROOT_DIR?F34X_MSD_SECT_SERV

?PR?_GET_FIRST_BLOCK_OF_NEXT_CLUSTER?...         -----    -----      -----    
>> -----      -----    -----      0224H    0004H
  +--> ?PR?_FAT_CHAIN?F34X_MSD_FILE_SYSTEM
  +--> ?PR?F34X_MSD_FILE_SYSTEM
  +--> ?PR?SECT_FILE_DATA?F34X_MSD_SECT_SERV

?PR?_FAT_CHAIN?F34X_MSD_FILE_SYSTEM              -----    -----      -----    
>> -----      -----    -----      0228H    000DH
  +--> ?PR?F34X_MSD_FILE_SYSTEM
  +--> ?PR?SECT_FAT1?F34X_MSD_SECT_SERV
  +--> ?PR?_SECT_READ?F34X_MSD_SECT_SERV
  +--> ?PR?_HTONS?F34X_MSD_UTIL
BL51 BANKED LINKER/LOCATER V6.00            07/24/2007  22:07:38  PAGE 15



?PR?_FAT_CHAIN_ALLOC?F34X_MSD_FILE_SY...         -----    -----      -----    
>> -----      -----    -----      0224H    000FH
  +--> ?PR?F34X_MSD_FILE_SYSTEM
  +--> ?PR?SECT_FAT1?F34X_MSD_SECT_SERV
  +--> ?PR?SECT_FAT2?F34X_MSD_SECT_SERV
  +--> ?PR?_SECT_READ?F34X_MSD_SECT_SERV
  +--> ?PR?_HTONS?F34X_MSD_UTIL
  +--> ?PR?_SECT_WRITE_MULTI_FAT?F34X_MSD_SE...

?PR?SECT_FAT2?F34X_MSD_SECT_SERV                 -----    -----      -----    
>> -----      -----    -----      -----    -----
  +--> ?PR?F34X_MSD_SECT_SERV

?PR?_SECT_WRITE_MULTI_FAT?F34X_MSD_SE...         -----    -----      -----    
>> -----      -----    -----      0233H    0004H
  +--> ?PR?F34X_MSD_SECT_SERV
  +--> ?PR?SECT_FAT1?F34X_MSD_SECT_SERV
  +--> ?PR?SECT_ROOT_DIR?F34X_MSD_SECT_SERV
  +--> ?PR?_SECT_WRITE?F34X_MSD_SECT_SERV
  +--> ?PR?SECT_FAT2?F34X_MSD_SECT_SERV

?PR?_CLEAR_CLUSTER?F34X_MSD_FILE_SYSTEM          -----    -----      -----    
>> -----      -----    -----      0224H    0006H
  +--> ?PR?_GET_FIRST_SECTOR?F34X_MSD_FILE_S...
  +--> ?PR?F34X_MSD_FILE_SYSTEM
  +--> ?PR?_SECT_WRITE?F34X_MSD_SECT_SERV

?PR?_FILE_NAME_MATCH?F34X_MSD_FILE_SY...         -----    -----      -----    
>> -----      -----    -----      0212H    0008H
  +--> ?PR?F34X_MSD_FILE_SYSTEM
  +--> ?PR?_TOLOWER?TOLOWER

?PR?_FAT_CHAIN_FREE?F34X_MSD_FILE_SYSTEM         -----    -----      -----    
>> -----      -----    -----      0209H    000BH
  +--> ?PR?F34X_MSD_FILE_SYSTEM
  +--> ?PR?SECT_FAT1?F34X_MSD_SECT_SERV
  +--> ?PR?_SECT_READ?F34X_MSD_SECT_SERV
  +--> ?PR?_HTONS?F34X_MSD_UTIL
  +--> ?PR?_SECT_WRITE_MULTI_FAT?F34X_MSD_SE...

?PR?CMD_DIR?F34X_MSD_CMD                         -----    -----      -----    
>> -----      -----    -----      0014H    000BH
  +--> ?PR?_FINDFIRST?F34X_MSD_FILE_SYSTEM
  +--> ?CO?F34X_MSD_CMD
  +--> ?PR?PRINTF?PRINTF
  +--> ?PR?_PUTCHAR?F34X_MSD_PUT_CHAR
  +--> ?PR?F34X_MSD_CMD
  +--> ?PR?_HTONL?F34X_MSD_UTIL
  +--> ?PR?_FINDNEXT?F34X_MSD_FILE_SYSTEM
  +--> ?PR?_TOLOWER?TOLOWER

?PR?_LOG?F34X_MSD_LOG                            -----    -----      -----    
>> -----      -----    -----      0014H    0003H
  +--> ?PR?STOP_LOGGING?F34X_MSD_LOG
  +--> ?CO?F34X_MSD_LOG
  +--> ?PR?_FOPEN?F34X_MSD_FILE_SYSTEM
  +--> ?PR?PRINTF?PRINTF

?PR?STOP_LOGGING?F34X_MSD_LOG                    -----    -----      -----    
>> -----      -----    -----      -----    -----
  +--> ?CO?F34X_MSD_LOG
  +--> ?PR?PRINTF?PRINTF
  +--> ?PR?_FCLOSE?F34X_MSD_FILE_SYSTEM

BL51 BANKED LINKER/LOCATER V6.00            07/24/2007  22:07:38  PAGE 16


?PR?_FOPEN?F34X_MSD_FILE_SYSTEM                  -----    -----      -----    
>> -----      -----    -----      002FH    0009H
  +--> ?PR?F34X_MSD_FILE_SYSTEM
  +--> ?PR?_FDELETE?F34X_MSD_FILE_SYSTEM
  +--> ?PR?_FINDFIRST?F34X_MSD_FILE_SYSTEM
  +--> ?PR?_FILE_NAME_MATCH?F34X_MSD_FILE_SY...
  +--> ?PR?_FINDNEXT?F34X_MSD_FILE_SYSTEM
  +--> ?PR?_FCREATE?F34X_MSD_FILE_SYSTEM
  +--> ?PR?_HTONS?F34X_MSD_UTIL
  +--> ?PR?_HTONL?F34X_MSD_UTIL

?PR?_FCREATE?F34X_MSD_FILE_SYSTEM                -----    -----      -----    
>> -----      -----    -----      0038H    0008H
  +--> ?PR?_FINDFIRST?F34X_MSD_FILE_SYSTEM
  +--> ?PR?F34X_MSD_FILE_SYSTEM
  +--> ?PR?_TOUPPER?TOUPPER
  +--> ?PR?_SECT_WRITE?F34X_MSD_SECT_SERV

?PR?_CMD_TYPE?F34X_MSD_CMD                       -----    -----      -----    
>> -----      -----    -----      0014H    001BH
  +--> ?CO?F34X_MSD_CMD
  +--> ?PR?_FOPEN?F34X_MSD_FILE_SYSTEM
  +--> ?PR?_FREAD?F34X_MSD_FILE_SYSTEM
  +--> ?PR?KEY_AVAILABLE?F34X_MSD_UART
  +--> ?PR?_PUTCHAR?F34X_MSD_PUT_CHAR
  +--> ?PR?F34X_MSD_CMD
  +--> ?PR?_FCLOSE?F34X_MSD_FILE_SYSTEM
  +--> ?PR?PRINTF?PRINTF

?PR?_FREAD?F34X_MSD_FILE_SYSTEM                  -----    -----      -----    
>> -----      -----    -----      002FH    000CH
  +--> ?PR?F34X_MSD_FILE_SYSTEM
  +--> ?PR?_FEOF?F34X_MSD_FILE_SYSTEM
  +--> ?PR?_FAT_CHAIN?F34X_MSD_FILE_SYSTEM
  +--> ?PR?SECT_FILE_DATA?F34X_MSD_SECT_SERV
  +--> ?PR?_SECT_READ?F34X_MSD_SECT_SERV

?PR?_FEOF?F34X_MSD_FILE_SYSTEM                   -----    -----      -----    
>> -----      -----    -----      -----    -----
  +--> ?PR?F34X_MSD_FILE_SYSTEM

?PR?_CALIBRATE?F34X_MSD_TEMP_SENSOR              -----    -----      -----    
>> -----      -----    -----      0014H    0002H
  +--> ?PR?GET_TEMP_VALUE?F34X_MSD_TEMP_SENSOR
  +--> ?PR?F34X_MSD_TEMP_SENSOR

?PR?_CHANGE_DIRECTORY?F34X_MSD_DIR_CO...         -----    -----      -----    
>> -----      -----    -----      00EAH    00D7H
  +--> ?PR?_STRLEN?STRLEN
  +--> ?PR?F34X_MSD_DIR_COMMANDS
  +--> ?PR?_STRSTR?STRSTR
  +--> ?PR?FILESYS_INIT?F34X_MSD_FILE_SYSTEM
  +--> ?PR?_CHNGDIR?F34X_MSD_FILE_SYSTEM
  +--> ?CO?F34X_MSD_DIR_COMMANDS
  +--> ?PR?PRINTF?PRINTF

?PR?F34X_MSD_DIR_COMMANDS                        -----    -----      -----    
>> -----      -----    -----      -----    -----
  +--> ?CO?F34X_MSD_DIR_COMMANDS

?PR?_STRSTR?STRSTR                               -----    -----      -----    
>> -----      -----    -----      0212H    000CH

?PR?_CHNGDIR?F34X_MSD_FILE_SYSTEM                -----    -----      -----    
>> -----      -----    -----      0209H    0009H
BL51 BANKED LINKER/LOCATER V6.00            07/24/2007  22:07:38  PAGE 17


  +--> ?PR?F34X_MSD_FILE_SYSTEM
  +--> ?PR?_FINDFIRST?F34X_MSD_FILE_SYSTEM
  +--> ?PR?_FILE_NAME_MATCH?F34X_MSD_FILE_SY...
  +--> ?PR?_FINDNEXT?F34X_MSD_FILE_SYSTEM
  +--> ?PR?SECT_ROOT_DIR?F34X_MSD_SECT_SERV
  +--> ?PR?_HTONS?F34X_MSD_UTIL
  +--> ?PR?SECT_FILE_DATA?F34X_MSD_SECT_SERV
  +--> ?CO?F34X_MSD_FILE_SYSTEM
  +--> ?PR?_STRSTR?STRSTR
  +--> ?PR?_STRLEN?STRLEN

?PR?_MAKE_DIRECTORY?F34X_MSD_DIR_COMM...         -----    -----      -----    
>> -----      -----    -----      0014H    00D6H
  +--> ?PR?_STRLEN?STRLEN
  +--> ?PR?F34X_MSD_DIR_COMMANDS
  +--> ?PR?_STRSTR?STRSTR
  +--> ?CO?F34X_MSD_DIR_COMMANDS
  +--> ?PR?_CHANGE_DIRECTORY?F34X_MSD_DIR_CO...
  +--> ?PR?_MKDIR?F34X_MSD_FILE_SYSTEM
  +--> ?PR?PRINTF?PRINTF

?PR?_MKDIR?F34X_MSD_FILE_SYSTEM                  -----    -----      -----    
>> -----      -----    -----      00EAH    000CH
  +--> ?PR?_STRLEN?STRLEN
  +--> ?PR?F34X_MSD_FILE_SYSTEM
  +--> ?PR?_FAT_CHAIN_ALLOC?F34X_MSD_FILE_SY...
  +--> ?PR?_FINDFIRST?F34X_MSD_FILE_SYSTEM
  +--> ?PR?_FINDNEXT?F34X_MSD_FILE_SYSTEM
  +--> ?PR?_FILE_NAME_MATCH?F34X_MSD_FILE_SY...
  +--> ?PR?_FILLDIRENTRY?F34X_MSD_FILE_SYSTEM
  +--> ?PR?_HTONS?F34X_MSD_UTIL
  +--> ?PR?_SECT_WRITE?F34X_MSD_SECT_SERV
  +--> ?PR?_CLEAR_CLUSTER?F34X_MSD_FILE_SYSTEM
  +--> ?PR?SECT_FILE_DATA?F34X_MSD_SECT_SERV
  +--> ?CO?F34X_MSD_FILE_SYSTEM
  +--> ?PR?GETCLUSTEROFPARENTDIRECTORY?F34X_...

?PR?_FILLDIRENTRY?F34X_MSD_FILE_SYSTEM           -----    -----      -----    
>> -----      -----    -----      00F6H    0007H
  +--> ?PR?F34X_MSD_FILE_SYSTEM
  +--> ?PR?_TOUPPER?TOUPPER

?PR?_TEMP_LOG?F34X_MSD_TEMP_SENSOR               -----    -----      -----    
>> -----      -----    -----      0014H    0003H
  +--> ?PR?TEMP_SENSOR_STOP_LOGGING?F34X_MSD...
  +--> ?CO?F34X_MSD_TEMP_SENSOR
  +--> ?PR?_FOPEN?F34X_MSD_FILE_SYSTEM
  +--> ?PR?PRINTF?PRINTF

?PR?TEMP_SENSOR_STOP_LOGGING?F34X_MSD...         -----    -----      -----    
>> -----      -----    -----      -----    -----
  +--> ?CO?F34X_MSD_TEMP_SENSOR
  +--> ?PR?PRINTF?PRINTF
  +--> ?PR?_FCLOSE?F34X_MSD_FILE_SYSTEM

?PR?_REMOVE_DIRECORY?F34X_MSD_DIR_COM...         -----    -----      -----    
>> -----      -----    -----      0014H    00D5H
  +--> ?PR?_STRLEN?STRLEN
  +--> ?PR?F34X_MSD_DIR_COMMANDS
  +--> ?PR?_STRSTR?STRSTR
  +--> ?CO?F34X_MSD_DIR_COMMANDS
  +--> ?PR?_CHANGE_DIRECTORY?F34X_MSD_DIR_CO...
  +--> ?PR?_RMDIR?F34X_MSD_FILE_SYSTEM
  +--> ?PR?PRINTF?PRINTF

BL51 BANKED LINKER/LOCATER V6.00            07/24/2007  22:07:38  PAGE 18


?PR?_RMDIR?F34X_MSD_FILE_SYSTEM                  -----    -----      -----    
>> -----      -----    -----      00E9H    0120H
  +--> ?PR?F34X_MSD_FILE_SYSTEM
  +--> ?PR?_CHNGDIR?F34X_MSD_FILE_SYSTEM
  +--> ?PR?_FINDFIRST?F34X_MSD_FILE_SYSTEM
  +--> ?CO?F34X_MSD_FILE_SYSTEM
  +--> ?PR?_FILE_NAME_MATCH?F34X_MSD_FILE_SY...
  +--> ?PR?_GET_FILE_NAME?F34X_MSD_FILE_SYSTEM
  +--> ?PR?_SECT_WRITE?F34X_MSD_SECT_SERV
  +--> ?PR?_SECT_READ?F34X_MSD_SECT_SERV
  +--> ?PR?_FINDNEXT?F34X_MSD_FILE_SYSTEM
  +--> ?PR?_HTONS?F34X_MSD_UTIL
  +--> ?PR?_FAT_CHAIN_FREE?F34X_MSD_FILE_SYSTEM
  +--> ?PR?_STRSTR?STRSTR

?PR?_GET_FILE_NAME?F34X_MSD_FILE_SYSTEM          -----    -----      -----    
>> -----      -----    -----      0209H    000CH
  +--> ?PR?F34X_MSD_FILE_SYSTEM
  +--> ?PR?_TOLOWER?TOLOWER

?PR?GET_STATUS_MMC?F34X_MSD_MMC                  -----    -----      -----    
>> -----      -----    -----      -----    -----
  +--> ?PR?F34X_MSD_MMC
  +--> ?PR?_MMC_COMMAND_EXEC?F34X_MSD_MMC
  +--> ?CO?F34X_MSD_MMC
  +--> ?PR?PRINTF?PRINTF

?PR?_CMD_MATCH?F34X_MSD_CMD                      -----    -----      -----    
>> -----      -----    -----      0014H    0006H
  +--> ?PR?F34X_MSD_CMD
  +--> ?PR?_TOLOWER?TOLOWER
  +--> ?PR?_STRNCMP?STRNCMP

?PR?_STRNCMP?STRNCMP                             -----    -----      -----    
>> -----      -----    -----      001AH    0008H

?PR?CMD_HELP?F34X_MSD_CMD                        -----    -----      -----    
>> -----      -----    -----      -----    -----
  +--> ?CO?F34X_MSD_CMD
  +--> ?PR?PRINTF?PRINTF

?PR?_ATOL?ATOL                                   0020H.0  0000H.1    -----    
>> -----      -----    -----      0014H    0007H
  +--> ?PR?_ISSPACE?ISSPACE
  +--> ?PR?_ISDIGIT?ISDIGIT

?PR?MSD_STEP?F34X_MSD_MSD                        -----    -----      -----    
>> -----      -----    -----      -----    -----
  +--> ?PR?_OUT2_GET_DATA?F34X_MSD_USB_ISR
  +--> ?PR?OUT2_DONE?F34X_MSD_USB_ISR
  +--> ?PR?SCSI_RX?F34X_MSD_SCSI
  +--> ?PR?_HTONL?F34X_MSD_UTIL
  +--> ?PR?_USB_IN?F34X_MSD_USB_ISR

?PR?SCSI_RX?F34X_MSD_SCSI                        -----    -----      -----    
>> -----      -----    -----      -----    -----
  +--> ?PR?F34X_MSD_SCSI
  +--> ?PR?_HTONL?F34X_MSD_UTIL
  +--> ?PR?SCSI_INQUIRY?F34X_MSD_SCSI
  +--> ?PR?SCSI_MODE_SENSE6?F34X_MSD_SCSI
  +--> ?PR?SCSI_READ_CAPACITY10?F34X_MSD_SCSI
  +--> ?PR?SCSI_READ10?F34X_MSD_SCSI
  +--> ?PR?SCSI_WRITE10?F34X_MSD_SCSI
  +--> ?PR?_USB_IN?F34X_MSD_USB_ISR

BL51 BANKED LINKER/LOCATER V6.00            07/24/2007  22:07:38  PAGE 19


?PR?SCSI_INQUIRY?F34X_MSD_SCSI                   -----    -----      -----    
>> -----      -----    -----      -----    -----
  +--> ?CO?F34X_MSD_SCSI
  +--> ?PR?_SCSI_SEND?F34X_MSD_SCSI

?PR?_SCSI_SEND?F34X_MSD_SCSI                     -----    -----      -----    
>> -----      -----    -----      000FH    0005H
  +--> ?PR?F34X_MSD_SCSI
  +--> ?PR?_USB_IN?F34X_MSD_USB_ISR

?PR?_USB_IN?F34X_MSD_USB_ISR                     -----    -----      -----    
>> -----      -----    -----      0017H    0009H
  +--> ?PR?_HANDLE_IN1?F34X_MSD_USB_ISR

?PR?SCSI_MODE_SENSE6?F34X_MSD_SCSI               -----    -----      -----    
>> -----      -----    -----      -----    -----
  +--> ?CO?F34X_MSD_SCSI
  +--> ?PR?_SCSI_SEND?F34X_MSD_SCSI

?PR?SCSI_READ_CAPACITY10?F34X_MSD_SCSI           -----    -----      -----    
>> -----      -----    -----      000BH    0004H
  +--> ?PR?SECT_SECTORS?F34X_MSD_SECT_SERV
  +--> ?PR?F34X_MSD_SCSI
  +--> ?PR?_SCSI_SEND?F34X_MSD_SCSI

?PR?SCSI_READ10?F34X_MSD_SCSI                    -----    -----      -----    
>> -----      -----    -----      000BH    000CH
  +--> ?PR?F34X_MSD_SCSI
  +--> ?PR?_HTONL?F34X_MSD_UTIL
  +--> ?PR?_SECT_READ?F34X_MSD_SECT_SERV
  +--> ?PR?_USB_IN?F34X_MSD_USB_ISR

?PR?SCSI_WRITE10?F34X_MSD_SCSI                   -----    -----      -----    
>> -----      -----    -----      000BH    000CH
  +--> ?PR?F34X_MSD_SCSI
  +--> ?PR?_HTONL?F34X_MSD_UTIL
  +--> ?PR?_OUT2_GET_DATA?F34X_MSD_USB_ISR
  +--> ?PR?OUT2_DONE?F34X_MSD_USB_ISR
  +--> ?PR?_SECT_WRITE?F34X_MSD_SECT_SERV

?PR?LOG_STEP?F34X_MSD_LOG                        -----    -----      -----    
>> -----      -----    -----      000BH    0010H
  +--> ?CO?F34X_MSD_LOG
  +--> ?PR?PRINTF?PRINTF
  +--> ?PR?F34X_MSD_LOG
  +--> ?PR?_FWRITE?F34X_MSD_FILE_SYSTEM

?PR?_FWRITE?F34X_MSD_FILE_SYSTEM                 -----    -----      -----    
>> -----      -----    -----      001FH    0013H
  +--> ?PR?F34X_MSD_FILE_SYSTEM
  +--> ?PR?_FAT_CHAIN_ALLOC?F34X_MSD_FILE_SY...
  +--> ?PR?_SECT_READ?F34X_MSD_SECT_SERV
  +--> ?PR?_HTONS?F34X_MSD_UTIL
  +--> ?PR?_HTONL?F34X_MSD_UTIL
  +--> ?PR?_SECT_WRITE?F34X_MSD_SECT_SERV
  +--> ?PR?_FEOF?F34X_MSD_FILE_SYSTEM
  +--> ?PR?_FAT_CHAIN?F34X_MSD_FILE_SYSTEM
  +--> ?PR?SECT_FILE_DATA?F34X_MSD_SECT_SERV

?PR?TEMP_LOG_STEP?F34X_MSD_TEMP_SENSOR           -----    -----      -----    
>> -----      -----    -----      000BH    0014H
  +--> ?PR?GET_TEMP?F34X_MSD_TEMP_SENSOR
  +--> ?CO?F34X_MSD_TEMP_SENSOR
  +--> ?PR?PRINTF?PRINTF
  +--> ?PR?_FWRITE?F34X_MSD_FILE_SYSTEM
BL51 BANKED LINKER/LOCATER V6.00            07/24/2007  22:07:38  PAGE 20



?PR?GET_TEMP?F34X_MSD_TEMP_SENSOR                -----    -----      -----    
>> -----      -----    -----      -----    -----
  +--> ?PR?GET_TEMP_VALUE?F34X_MSD_TEMP_SENSOR
  +--> ?PR?F34X_MSD_TEMP_SENSOR

?PR?SWITCH_ON_OFF_UART?F34X_MSD_VBUS_...         -----    -----      -----    
>> -----      -----    -----      -----    -----
  +--> ?PR?TEMP_SENSOR_STOP_LOGGING?F34X_MSD...
  +--> ?PR?STOP_LOGGING?F34X_MSD_LOG
  +--> ?CO?F34X_MSD_VBUS_FUNCTIONS
  +--> ?PR?PRINTF?PRINTF
  +--> ?PR?WRITE_CURRENT_DIR?F34X_MSD_FILE_S...
  +--> ?PR?_PUTCHAR?F34X_MSD_PUT_CHAR

?C_INITSEG                                       -----    -----      -----    
>> -----      -----    -----      -----    -----
  +--> ?CO?F34X_MSD_USB_DESCRIPTOR



SYMBOL TABLE OF MODULE:  E:\PROGRAMACION\MSD\F34X_MSD.OMF (F34X_MSD_CF_BASIC_F
>> UNCTIONS)

  VALUE           TYPE          NAME
  ----------------------------------

  -------         MODULE        F34X_MSD_CF_BASIC_FUNCTIONS
  C:0000H         SYMBOL        _ICE_DUMMY_
  C:573DH         PUBLIC        _Identify_Drive
  C:531AH         PUBLIC        Init_CF
  D:0080H         PUBLIC        P0
  D:0090H         PUBLIC        P1
  D:00A0H         PUBLIC        P2
  D:00B0H         PUBLIC        P3
  D:00C7H         PUBLIC        P4
  B:0090H.6       PUBLIC        CF_WE
  D:00AEH         PUBLIC        P4MDOUT
  C:5E9FH         PUBLIC        Wait_Busy
  C:5AD6H         PUBLIC        Wait_Drq
  B:0090H.3       PUBLIC        CF_CD1
  C:4559H         PUBLIC        _Read_Sector
  C:4253H         PUBLIC        _Write_Sector
  B:00A0H.2       PUBLIC        Led1
  B:00A0H.3       PUBLIC        Led2
  C:5C2BH         PUBLIC        _CF_GET_REGISTER_VALUE
  B:0090H.4       PUBLIC        CF_RDY
  C:5CF6H         PUBLIC        _CF_SET_REGISTER_VALUE
  B:0090H.0       PUBLIC        CF_RST
  C:5F64H         PUBLIC        Dtct_Card
  B:0090H.1       PUBLIC        CF_OE
  C:4EECH         SYMBOL        Com002D
  C:4EECH         SYMBOL        L?0046
  C:4EECH         SYMBOL        L?0047
  C:4EEFH         SYMBOL        L?0048
  C:4EF6H         SYMBOL        L?0049
  C:4EF7H         SYMBOL        L?0050
  C:4EFDH         SYMBOL        L?0053
  C:4EFDH         SYMBOL        L?0054
  C:4F08H         SYMBOL        L?0055
  C:4F09H         SYMBOL        L?0056
  C:4F0FH         SYMBOL        L?0057
  C:4F1CH         SYMBOL        L?0058
  C:4F1CH         SYMBOL        L?0059
  C:4F24H         SYMBOL        L?0061
BL51 BANKED LINKER/LOCATER V6.00            07/24/2007  22:07:38  PAGE 21


  C:4F2FH         SYMBOL        L?0062
  C:4F3AH         SYMBOL        L?0063
  C:4F44H         SYMBOL        L?0064
  -------         PROC          COM002D
  -------         ENDPROC       COM002D
  -------         PROC          INIT_CF
  -------         DO            
  D:0007H         SYMBOL        result
  X:000EH         SYMBOL        loop
  X:0010H         SYMBOL        reinit
  C:532FH         SYMBOL        REINIT
  -------         ENDDO         
  C:531AH         LINE#         53
  C:531AH         LINE#         54
  C:531AH         LINE#         55
  C:531DH         LINE#         56
  C:5324H         LINE#         57
  C:5328H         LINE#         58
  C:532FH         LINE#         59
  C:532FH         LINE#         60
  C:5331H         LINE#         61
  C:5338H         LINE#         62
  C:533BH         LINE#         63
  C:533EH         LINE#         64
  C:5341H         LINE#         65
  C:5344H         LINE#         66
  C:5346H         LINE#         67
  C:5349H         LINE#         68
  C:5350H         LINE#         69
  C:5355H         LINE#         70
  C:5357H         LINE#         71
  C:5357H         LINE#         72
  C:5357H         LINE#         73
  C:535EH         LINE#         74
  C:5368H         LINE#         75
  C:5368H         LINE#         76
  C:536AH         LINE#         77
  -------         ENDPROC       INIT_CF
  -------         PROC          WAIT_DRQ
  -------         DO            
  X:024CH         SYMBOL        wait
  X:024DH         SYMBOL        wait_drq
  X:024EH         SYMBOL        loopguard
  -------         ENDDO         
  C:5AD6H         LINE#         90
  C:5AD6H         LINE#         91
  C:5AD6H         LINE#         93
  C:5ADDH         LINE#         94
  C:5ADDH         LINE#         96
  C:5AE7H         LINE#         100
  C:5AEAH         LINE#         101
  C:5AF5H         LINE#         103
  C:5AF5H         LINE#         104
  C:5AFDH         LINE#         105
  C:5AFFH         LINE#         106
  -------         ENDPROC       WAIT_DRQ
  -------         PROC          WAIT_BUSY
  -------         DO            
  D:0007H         SYMBOL        wait
  D:0006H         SYMBOL        wait_bsy
  -------         ENDDO         
  C:5E9FH         LINE#         119
  C:5E9FH         LINE#         120
  C:5E9FH         LINE#         122
  C:5E9FH         LINE#         124
BL51 BANKED LINKER/LOCATER V6.00            07/24/2007  22:07:38  PAGE 22


  C:5EA4H         LINE#         128
  C:5EA8H         LINE#         129
  C:5EACH         LINE#         130
  -------         ENDPROC       WAIT_BUSY
  -------         PROC          DTCT_CARD
  -------         DO            
  D:0007H         SYMBOL        card_detect
  -------         ENDDO         
  C:5F64H         LINE#         143
  C:5F64H         LINE#         144
  C:5F64H         LINE#         146
  C:5F69H         LINE#         147
  C:5F69H         LINE#         148
  -------         ENDPROC       DTCT_CARD
  C:5C24H         SYMBOL        L?0052
  -------         PROC          L?0051
  -------         ENDPROC       L?0051
  C:5C24H         SYMBOL        L?0052
  -------         PROC          _CF_GET_REGISTER_VALUE
  D:0007H         SYMBOL        addr
  -------         DO            
  D:0006H         SYMBOL        ret
  -------         ENDDO         
  C:5C2BH         LINE#         162
  C:5C2BH         LINE#         163
  C:5C2BH         LINE#         164
  C:5C2BH         LINE#         165
  C:5C2EH         LINE#         166
  C:5C38H         LINE#         167
  C:5C3BH         LINE#         168
  C:5C3DH         LINE#         169
  C:5C40H         LINE#         170
  C:5C42H         LINE#         171
  -------         ENDPROC       _CF_GET_REGISTER_VALUE
  -------         PROC          L?0060
  -------         ENDPROC       L?0060
  -------         PROC          _CF_SET_REGISTER_VALUE
  D:0007H         SYMBOL        addr
  D:0005H         SYMBOL        value
  C:5CF6H         LINE#         185
  C:5CF6H         LINE#         186
  C:5CF6H         LINE#         187
  C:5CF9H         LINE#         188
  C:5D00H         LINE#         189
  C:5D04H         LINE#         190
  C:5D07H         LINE#         191
  C:5D0BH         LINE#         192
  -------         ENDPROC       _CF_SET_REGISTER_VALUE
  -------         PROC          _WRITE_SECTOR
  X:023DH         SYMBOL        address
  X:0241H         SYMBOL        buffer
  -------         DO            
  D:0003H         SYMBOL        cylinder_low
  D:0002H         SYMBOL        cylinder_high
  D:0001H         SYMBOL        sector
  D:0006H         SYMBOL        head
  D:0007H         SYMBOL        result
  X:0244H         SYMBOL        error
  X:0245H         SYMBOL        i
  -------         ENDDO         
  C:4253H         LINE#         206
  C:425CH         LINE#         207
  C:425CH         LINE#         211
  C:425CH         LINE#         212
  C:4265H         LINE#         214
BL51 BANKED LINKER/LOCATER V6.00            07/24/2007  22:07:38  PAGE 23


  C:4267H         LINE#         215
  C:426CH         LINE#         216
  C:4276H         LINE#         217
  C:4281H         LINE#         218
  C:4289H         LINE#         221
  C:4290H         LINE#         222
  C:4297H         LINE#         223
  C:429EH         LINE#         224
  C:42A5H         LINE#         225
  C:42A9H         LINE#         226
  C:42ABH         LINE#         228
  C:42B3H         LINE#         230
  C:42B6H         LINE#         231
  C:42B9H         LINE#         233
  C:42D0H         LINE#         234
  C:42E3H         LINE#         235
  C:42EBH         LINE#         237
  C:42EEH         LINE#         239
  C:42F8H         LINE#         243
  C:42FAH         LINE#         244
  C:42FAH         LINE#         245
  -------         ENDPROC       _WRITE_SECTOR
  -------         PROC          _READ_SECTOR
  X:0244H         SYMBOL        address
  X:0248H         SYMBOL        buffer
  -------         DO            
  D:0003H         SYMBOL        cylinder_low
  D:0002H         SYMBOL        cylinder_high
  D:0001H         SYMBOL        sector
  D:0004H         SYMBOL        head
  D:0007H         SYMBOL        result
  X:024BH         SYMBOL        error
  D:0004H         SYMBOL        i
  -------         ENDDO         
  C:4559H         LINE#         259
  C:4562H         LINE#         260
  C:4562H         LINE#         264
  C:4562H         LINE#         265
  C:456BH         LINE#         266
  C:456DH         LINE#         267
  C:4572H         LINE#         268
  C:457CH         LINE#         269
  C:4587H         LINE#         270
  C:458FH         LINE#         272
  C:4592H         LINE#         274
  C:4599H         LINE#         275
  C:45A2H         LINE#         276
  C:45ABH         LINE#         277
  C:45B4H         LINE#         278
  C:45BAH         LINE#         279
  C:45BCH         LINE#         281
  C:45C1H         LINE#         283
  C:45C4H         LINE#         286
  C:45C7H         LINE#         293
  C:45CAH         LINE#         295
  C:45D2H         LINE#         299
  C:45E1H         LINE#         300
  C:45E4H         LINE#         302
  C:45E7H         LINE#         306
  C:45E9H         LINE#         307
  C:45E9H         LINE#         308
  -------         ENDPROC       _READ_SECTOR
  -------         PROC          _IDENTIFY_DRIVE
  X:000EH         SYMBOL        buffer
  -------         DO            
BL51 BANKED LINKER/LOCATER V6.00            07/24/2007  22:07:38  PAGE 24


  X:0011H         SYMBOL        error
  D:0007H         SYMBOL        result
  D:0004H         SYMBOL        i
  -------         ENDDO         
  C:573DH         LINE#         320
  C:5740H         LINE#         321
  C:5740H         LINE#         325
  C:5740H         LINE#         326
  C:5749H         LINE#         328
  C:5751H         LINE#         331
  C:5758H         LINE#         332
  C:575AH         LINE#         334
  C:5762H         LINE#         337
  C:5765H         LINE#         338
  C:5768H         LINE#         340
  C:5770H         LINE#         344
  C:577FH         LINE#         346
  C:5782H         LINE#         350
  C:5782H         LINE#         351
  -------         ENDPROC       _IDENTIFY_DRIVE
  -------         ENDMOD        F34X_MSD_CF_BASIC_FUNCTIONS

  -------         MODULE        F34X_MSD_CMD
  C:0000H         SYMBOL        _ICE_DUMMY_
  D:0080H         PUBLIC        P0
  C:5F3EH         PUBLIC        Cmd_Help
  D:00B0H         PUBLIC        P3
  X:0617H         SYMBOL        Token
  X:061AH         PUBLIC        format_flag
  C:5A23H         PUBLIC        Cmd_Init
  C:4A1FH         PUBLIC        Cmd_Step
  X:061BH         SYMBOL        Cmd
  C:3B0EH         PUBLIC        Cmd_Dir
  X:063BH         SYMBOL        Cmd_Ptr
  X:063CH         PUBLIC        n_of_sect
  X:0640H         PUBLIC        bootrecord
  C:5174H         PUBLIC        _Cmd_Match
  C:42FBH         PUBLIC        _Cmd_Type
  C:0D21H         PUBLIC        Cmd_Exec
  C:4B16H         SYMBOL        Com0070
  C:4B16H         SYMBOL        L?0113
  C:4B32H         SYMBOL        L?0114
  C:4B3DH         SYMBOL        L?0118
  C:4B3DH         SYMBOL        L?0119
  C:4B40H         SYMBOL        L?0120
  C:4B47H         SYMBOL        L?0123
  C:4B47H         SYMBOL        L?0124
  C:4B51H         SYMBOL        L?0127
  C:4B51H         SYMBOL        L?0128
  C:4B5DH         SYMBOL        L?0131
  C:4B5FH         SYMBOL        L?0132
  C:4B65H         SYMBOL        L?0133
  C:4B65H         SYMBOL        L?0134
  C:4B6DH         SYMBOL        L?0135
  C:4B6DH         SYMBOL        L?0136
  C:4B73H         SYMBOL        L?0137
  C:4B73H         SYMBOL        L?0138
  C:4B7AH         SYMBOL        L?0140
  C:4B88H         SYMBOL        L?0142
  C:4B88H         SYMBOL        L?0143
  -------         PROC          COM0070
  -------         ENDPROC       COM0070
  -------         PROC          CMD_INIT
  C:5A23H         LINE#         78
  C:5A23H         LINE#         79
BL51 BANKED LINKER/LOCATER V6.00            07/24/2007  22:07:38  PAGE 25


  C:5A23H         LINE#         80
  C:5A28H         LINE#         81
  C:5A2DH         LINE#         82
  C:5A35H         LINE#         83
  C:5A3EH         LINE#         84
  C:5A41H         LINE#         85
  C:5A4AH         LINE#         86
  C:5A4DH         LINE#         87
  -------         ENDPROC       CMD_INIT
  -------         PROC          _CMD_MATCH
  X:0014H         SYMBOL        str
  -------         DO            
  X:0017H         SYMBOL        s
  -------         ENDDO         
  C:5174H         LINE#         101
  C:517AH         LINE#         102
  C:517AH         LINE#         103
  C:5183H         LINE#         104
  C:51A4H         LINE#         105
  C:51C8H         LINE#         106
  -------         ENDPROC       _CMD_MATCH
  C:3BBCH         SYMBOL        L?0125
  -------         PROC          CMD_DIR
  -------         DO            
  X:0014H         SYMBOL        i
  X:0015H         SYMBOL        findinfo
  -------         ENDDO         
  C:3B0EH         LINE#         118
  C:3B0EH         LINE#         119
  C:3B0EH         LINE#         122
  C:3B1CH         LINE#         123
  C:3B25H         LINE#         125
  C:3B25H         LINE#         126
  C:3B25H         LINE#         127
  C:3B34H         LINE#         128
  C:3B34H         LINE#         129
  C:3B39H         LINE#         130
  C:3B52H         LINE#         131
  C:3B57H         LINE#         132
  C:3B67H         LINE#         133
  C:3B67H         LINE#         134
  C:3B6CH         LINE#         136
  C:3B73H         LINE#         137
  C:3B88H         LINE#         138
  C:3B88H         LINE#         140
  C:3B8EH         LINE#         141
  C:3B97H         LINE#         142
  C:3B9DH         LINE#         143
  C:3BA6H         LINE#         144
  C:3BACH         LINE#         146
  C:3BBBH         LINE#         147
  -------         ENDPROC       CMD_DIR
  -------         PROC          _CMD_TYPE
  X:0014H         SYMBOL        filename
  -------         DO            
  X:0017H         SYMBOL        f
  X:002BH         SYMBOL        bytesread
  X:002DH         SYMBOL        i
  -------         ENDDO         
  C:42FBH         LINE#         160
  C:4301H         LINE#         161
  C:4301H         LINE#         164
  C:4326H         LINE#         165
  C:432EH         LINE#         167
  C:432EH         LINE#         169
BL51 BANKED LINKER/LOCATER V6.00            07/24/2007  22:07:38  PAGE 26


  C:4355H         LINE#         170
  C:435BH         LINE#         171
  C:435BH         LINE#         172
  C:435BH         LINE#         173
  C:4376H         LINE#         174
  C:4385H         LINE#         175
  C:438DH         LINE#         176
  C:438DH         LINE#         178
  C:4396H         LINE#         181
  C:439CH         LINE#         182
  -------         ENDPROC       _CMD_TYPE
  -------         PROC          CMD_HELP
  C:5F3EH         LINE#         196
  C:5F3EH         LINE#         197
  C:5F3EH         LINE#         198
  -------         ENDPROC       CMD_HELP
  C:10B2H         SYMBOL        L?0108
  C:10C2H         SYMBOL        L?0109
  C:10D2H         SYMBOL        L?0110
  C:10E2H         SYMBOL        L?0111
  C:10E9H         SYMBOL        L?0115
  C:10F0H         SYMBOL        L?0116
  C:10F7H         SYMBOL        L?0117
  C:1107H         SYMBOL        L?0121
  C:110EH         SYMBOL        L?0122
  C:1115H         SYMBOL        L?0126
  C:111CH         SYMBOL        L?0129
  C:1123H         SYMBOL        L?0130
  C:1133H         SYMBOL        L?0139
  C:113AH         SYMBOL        L?0141
  C:1144H         SYMBOL        L?0144
  -------         PROC          CMD_EXEC
  -------         DO            
  X:000CH         SYMBOL        i
  X:000EH         SYMBOL        j
  X:000FH         SYMBOL        ch
  X:0010H         SYMBOL        dw
  -------         ENDDO         
  C:0D21H         LINE#         214
  C:0D21H         LINE#         215
  C:0D21H         LINE#         218
  C:0D30H         LINE#         220
  C:0D38H         LINE#         223
  C:0D3EH         LINE#         226
  C:0D4AH         LINE#         227
  C:0D5FH         LINE#         229
  C:0D67H         LINE#         230
  C:0D67H         LINE#         231
  C:0D70H         LINE#         232
  C:0D70H         LINE#         233
  C:0D75H         LINE#         234
  C:0D78H         LINE#         236
  C:0D78H         LINE#         237
  C:0D81H         LINE#         238
  C:0D87H         LINE#         240
  C:0D90H         LINE#         242
  C:0D90H         LINE#         243
  C:0D99H         LINE#         244
  C:0D9EH         LINE#         246
  C:0D9EH         LINE#         248
  C:0DA7H         LINE#         249
  C:0DAAH         LINE#         250
  C:0DAFH         LINE#         251
  C:0DBCH         LINE#         252
  C:0DC2H         LINE#         253
BL51 BANKED LINKER/LOCATER V6.00            07/24/2007  22:07:38  PAGE 27


  C:0DC5H         LINE#         254
  C:0DC5H         LINE#         255
  C:0DC8H         LINE#         257
  C:0DC8H         LINE#         259
  C:0DD1H         LINE#         260
  C:0DD4H         LINE#         262
  C:0DD4H         LINE#         264
  C:0DE0H         LINE#         265
  C:0DE3H         LINE#         267
  C:0E00H         LINE#         268
  C:0E00H         LINE#         269
  C:0E03H         LINE#         270
  C:0E10H         LINE#         271
  C:0E16H         LINE#         272
  C:0E28H         LINE#         273
  C:0E45H         LINE#         274
  C:0E54H         LINE#         275
  C:0E5DH         LINE#         276
  C:0E71H         LINE#         277
  C:0E79H         LINE#         278
  C:0E88H         LINE#         279
  C:0E90H         LINE#         280
  C:0EA6H         LINE#         281
  C:0EAEH         LINE#         282
  C:0EB4H         LINE#         283
  C:0EBAH         LINE#         284
  C:0EBDH         LINE#         285
  C:0EC0H         LINE#         287
  C:0ED2H         LINE#         290
  C:0ED2H         LINE#         292
  C:0EDBH         LINE#         293
  C:0EDEH         LINE#         294
  C:0EE1H         LINE#         296
  C:0EE1H         LINE#         298
  C:0EEAH         LINE#         299
  C:0EEDH         LINE#         300
  C:0EF2H         LINE#         301
  C:0EF8H         LINE#         302
  C:0EF8H         LINE#         303
  C:0EF8H         LINE#         304
  C:0EFBH         LINE#         306
  C:0EFBH         LINE#         308
  C:0F04H         LINE#         309
  C:0F07H         LINE#         311
  C:0F07H         LINE#         314
  C:0F10H         LINE#         315
  C:0F13H         LINE#         316
  C:0F2AH         LINE#         317
  C:0F2AH         LINE#         318
  C:0F2DH         LINE#         319
  C:0F33H         LINE#         320
  C:0F42H         LINE#         321
  C:0F45H         LINE#         323
  C:0F4EH         LINE#         326
  C:0F4EH         LINE#         327
  C:0F57H         LINE#         328
  C:0F5AH         LINE#         329
  C:0F5DH         LINE#         331
  C:0F5DH         LINE#         332
  C:0F66H         LINE#         333
  C:0F69H         LINE#         334
  C:0F6CH         LINE#         336
  C:0F6CH         LINE#         337
  C:0F75H         LINE#         338
  C:0F78H         LINE#         339
BL51 BANKED LINKER/LOCATER V6.00            07/24/2007  22:07:38  PAGE 28


  C:0F7BH         LINE#         341
  C:0F7BH         LINE#         342
  C:0F84H         LINE#         343
  C:0F8DH         LINE#         344
  C:0F94H         LINE#         347
  C:0F94H         LINE#         348
  C:0F9DH         LINE#         349
  C:0F9DH         LINE#         350
  C:0FA0H         LINE#         351
  C:0FA3H         LINE#         353
  C:0FA3H         LINE#         354
  C:0FACH         LINE#         355
  C:0FACH         LINE#         356
  C:0FAFH         LINE#         357
  C:0FB2H         LINE#         359
  C:0FB2H         LINE#         360
  C:0FBBH         LINE#         361
  C:0FBBH         LINE#         362
  C:0FBEH         LINE#         364
  C:0FBEH         LINE#         365
  C:0FC7H         LINE#         366
  C:0FC7H         LINE#         367
  C:0FD9H         LINE#         368
  C:0FE7H         LINE#         370
  C:0FE7H         LINE#         371
  C:0FF6H         LINE#         372
  C:0FF6H         LINE#         373
  C:1003H         LINE#         374
  C:100EH         LINE#         375
  C:101DH         LINE#         376
  C:1023H         LINE#         377
  C:1028H         LINE#         378
  C:1037H         LINE#         379
  C:103DH         LINE#         380
  C:1059H         LINE#         381
  C:1064H         LINE#         382
  C:1081H         LINE#         384
  C:1081H         LINE#         385
  C:1099H         LINE#         386
  C:109FH         LINE#         388
  C:109FH         LINE#         439
  C:10A5H         LINE#         440
  C:10AEH         LINE#         441
  C:10B1H         LINE#         442
  C:10B1H         LINE#         443
  -------         ENDPROC       CMD_EXEC
  -------         PROC          CMD_STEP
  -------         DO            
  X:000BH         SYMBOL        ch
  -------         ENDDO         
  C:4A1FH         LINE#         456
  C:4A1FH         LINE#         457
  C:4A1FH         LINE#         460
  C:4A25H         LINE#         463
  C:4A2DH         LINE#         465
  C:4A30H         LINE#         466
  C:4A36H         LINE#         467
  C:4A38H         LINE#         468
  C:4A42H         LINE#         469
  C:4A42H         LINE#         471
  C:4A42H         LINE#         473
  C:4A4AH         LINE#         474
  C:4A59H         LINE#         475
  C:4A5CH         LINE#         476
  C:4A6BH         LINE#         477
BL51 BANKED LINKER/LOCATER V6.00            07/24/2007  22:07:38  PAGE 29


  C:4A6EH         LINE#         478
  C:4A73H         LINE#         479
  C:4A79H         LINE#         481
  C:4A79H         LINE#         483
  C:4A82H         LINE#         484
  C:4A9AH         LINE#         485
  C:4A9AH         LINE#         486
  -------         ENDPROC       CMD_STEP
  -------         ENDMOD        F34X_MSD_CMD

  -------         MODULE        F34X_MSD_DIR_COMMANDS
  C:0000H         SYMBOL        _ICE_DUMMY_
  D:0080H         PUBLIC        P0
  D:00B0H         PUBLIC        P3
  C:341DH         PUBLIC        Dir_Creattion_Errors
  C:3964H         PUBLIC        _Change_Directory
  C:3429H         PUBLIC        _Remove_Direcory
[...]
                                      _MSD_SECT_SERV  F34X_MSD_TEMP_SENSOR  F3
                                      4X_MSD_USB_ISR  F34X_MSD_USB_STD_REQ  F3
                                      4X_MSD_UTIL  
?C?PSTIDATA. . . . . . . . . CODE;    ?C?PSTIDATA  ?C?PSTOPTR  
?C?PSTOPTR . . . . . . . . . CODE;    ?C?PSTOPTR  F34X_MSD_FILE_SYSTEM  
BL51 BANKED LINKER/LOCATER V6.00            07/24/2007  22:07:38  PAGE 94


?C?PSTPDATA. . . . . . . . . CODE;    ?C?PSTPDATA  ?C?PSTOPTR  
?C?PSTXDATA. . . . . . . . . CODE;    ?C?PSTXDATA  ?C?PSTOPTR  F34X_MSD_CF_BAS
                                      IC_FUNCTIONS  F34X_MSD_CMD  F34X_MSD_DIR
                                      _COMMANDS  F34X_MSD_FILE_SYSTEM  F34X_MS
                                      D_LOG  F34X_MSD_MMC  F34X_MSD_SCSI  F34X
                                      _MSD_SECT_SERV  F34X_MSD_TEMP_SENSOR  F3
                                      4X_MSD_USB_ISR  F34X_MSD_USB_STD_REQ  F3
                                      4X_MSD_UTIL  PRINTF  
?C?SIDIV . . . . . . . . . . CODE;    ?C?SIDIV  F34X_MSD_TEMP_SENSOR  
?C?SLDIV . . . . . . . . . . CODE;    ?C?SLDIV  F34X_MSD_TEMP_SENSOR  
?C?STRCMP. . . . . . . . . . CODE;    ?C?STRCMP  F34X_MSD_FILE_SYSTEM  
?C?STRCPY. . . . . . . . . . CODE;    ?C?STRCPY  F34X_MSD_DIR_COMMANDS  F34X_M
                                      SD_FILE_SYSTEM  
?C?UIDIV . . . . . . . . . . CODE;    ?C?UIDIV  ?C?SIDIV  F34X_MSD_FILE_SYSTEM
                                        F34X_MSD_MMC  
?C?ULCMP . . . . . . . . . . CODE;    ?C?ULCMP  F34X_MSD_CMD  F34X_MSD_FILE_SY
                                      STEM  F34X_MSD_MSD  F34X_MSD_SCSI  F34X_
                                      MSD_SECT_SERV  F34X_MSD_TEMP_SENSOR  F34
                                      X_MSD_USB_ISR  
?C?ULDIV . . . . . . . . . . CODE;    ?C?ULDIV  ?C?SLDIV  F34X_MSD_FILE_SYSTEM
                                        F34X_MSD_SCSI  
?C?ULSHR . . . . . . . . . . CODE;    ?C?ULSHR  F34X_MSD_CF_BASIC_FUNCTIONS  F
                                      34X_MSD_SCSI  F34X_MSD_UTIL  
?C_INITSEGSTART. . . . . . . CODE;    ** L51 GENERATED **  
?C_START . . . . . . . . . . CODE;    ?C_INIT  ?C_STARTUP  
?C_STARTUP . . . . . . . . . CODE;    ?C_STARTUP  F34X_MSD_USB_MAIN  
?C_XBP . . . . . . . . . . . DATA;    ?C_XBP  ?C?ADDXBP  F34X_MSD_SECT_SERV  
?_FOPEN?BYTE . . . . . . . . XDATA;   F34X_MSD_FILE_SYSTEM  F34X_MSD_CMD  F34X
                                      _MSD_LOG  F34X_MSD_TEMP_SENSOR  
?_FREAD?BYTE . . . . . . . . XDATA;   F34X_MSD_FILE_SYSTEM  F34X_MSD_CMD  
?_FWRITE?BYTE. . . . . . . . XDATA;   F34X_MSD_FILE_SYSTEM  F34X_MSD_LOG  F34X
                                      _MSD_TEMP_SENSOR  
?_MMC_COMMAND_EXEC?BYTE. . . XDATA;   F34X_MSD_MMC  
?_PRINTF517?BYTE . . . . . . XDATA;   PRINTF  
?_PRINTF?BYTE. . . . . . . . XDATA;   PRINTF  F34X_MSD_CMD  F34X_MSD_DIR_COMMA
                                      NDS  F34X_MSD_FILE_SYSTEM  F34X_MSD_LOG 
                                       F34X_MSD_MMC  F34X_MSD_SECT_SERV  F34X_
                                      MSD_TEMP_SENSOR  F34X_MSD_UART  F34X_MSD
                                      _VBUS_FUNCTIONS  
?_SPRINTF517?BYTE. . . . . . XDATA;   PRINTF  
?_SPRINTF?BYTE . . . . . . . XDATA;   PRINTF  F34X_MSD_LOG  F34X_MSD_TEMP_SENS
                                      OR  
?_STRNCMP?BYTE . . . . . . . XDATA;   STRNCMP  F34X_MSD_CMD  
?_STRSTR?BYTE. . . . . . . . XDATA;   STRSTR  F34X_MSD_DIR_COMMANDS  F34X_MSD_
                                      FILE_SYSTEM  
BOOTRECORD . . . . . . . . . XDATA;   F34X_MSD_CMD  
CBW. . . . . . . . . . . . . XDATA;   F34X_MSD_MSD  F34X_MSD_SCSI  
CLEAR_DIR_ENTRIES. . . . . . CODE;    F34X_MSD_FORMAT_DISK  
CLEAR_FATS . . . . . . . . . CODE;    F34X_MSD_FORMAT_DISK  
CLEAR_FEATURE. . . . . . . . CODE;    F34X_MSD_USB_STD_REQ  F34X_MSD_USB_ISR  
                                      
CMD_DIR. . . . . . . . . . . CODE;    F34X_MSD_CMD  
CMD_EXEC . . . . . . . . . . CODE;    F34X_MSD_CMD  
CMD_HELP . . . . . . . . . . CODE;    F34X_MSD_CMD  
CMD_INIT . . . . . . . . . . CODE;    F34X_MSD_CMD  F34X_MSD_USB_MAIN  
CMD_STEP . . . . . . . . . . CODE;    F34X_MSD_CMD  F34X_MSD_USB_MAIN  
COMMAND_LIST . . . . . . . . CODE;    F34X_MSD_MMC  
CONFIG_DESC. . . . . . . . . CODE;    F34X_MSD_USB_DESCRIPTOR  F34X_MSD_USB_ST
                                      D_REQ  
CSW. . . . . . . . . . . . . XDATA;   F34X_MSD_MSD  
CURRENT_DIR_BLOCK. . . . . . XDATA;   F34X_MSD_FILE_SYSTEM  F34X_MSD_DIR_COMMA
                                      NDS  
DATA_PTR . . . . . . . . . . XDATA;   F34X_MSD_USB_ISR  F34X_MSD_USB_STD_REQ  
                                      
DATA_SENT. . . . . . . . . . XDATA;   F34X_MSD_USB_ISR  F34X_MSD_USB_STD_REQ  
BL51 BANKED LINKER/LOCATER V6.00            07/24/2007  22:07:38  PAGE 95


                                      
DATA_SIZE. . . . . . . . . . XDATA;   F34X_MSD_USB_ISR  F34X_MSD_USB_STD_REQ  
                                      
DELAY. . . . . . . . . . . . CODE;    F34X_MSD_USB_MAIN  
DEVICE_DESC. . . . . . . . . CODE;    F34X_MSD_USB_DESCRIPTOR  F34X_MSD_USB_ST
                                      D_REQ  
DIR_CREATTION_ERRORS . . . . CODE;    F34X_MSD_DIR_COMMANDS  
DTCT_CARD. . . . . . . . . . CODE;    F34X_MSD_CF_BASIC_FUNCTIONS  
ENDPOINT1_DESC . . . . . . . CODE;    F34X_MSD_USB_DESCRIPTOR  F34X_MSD_USB_ST
                                      D_REQ  
ENDPOINT2_DESC . . . . . . . CODE;    F34X_MSD_USB_DESCRIPTOR  F34X_MSD_USB_ST
                                      D_REQ  
EP_STATUS. . . . . . . . . . XDATA;   F34X_MSD_USB_ISR  F34X_MSD_USB_STD_REQ  
                                      
FILESYS_INIT . . . . . . . . CODE;    F34X_MSD_FILE_SYSTEM  F34X_MSD_DIR_COMMA
                                      NDS  F34X_MSD_USB_MAIN  
FORCE_STALL. . . . . . . . . CODE;    F34X_MSD_USB_ISR  F34X_MSD_USB_STD_REQ  
                                      
FORMAT_DISK. . . . . . . . . CODE;    F34X_MSD_FORMAT_DISK  F34X_MSD_CMD  
FORMAT_FLAG. . . . . . . . . XDATA;   F34X_MSD_CMD  
GETCHAR. . . . . . . . . . . CODE;    F34X_MSD_GET_CHAR  F34X_MSD_CMD  
GET_CONFIGURATION. . . . . . CODE;    F34X_MSD_USB_STD_REQ  F34X_MSD_USB_ISR  
                                      
GET_DESCRIPTOR . . . . . . . CODE;    F34X_MSD_USB_STD_REQ  F34X_MSD_USB_ISR  
                                      
GET_INTERFACE. . . . . . . . CODE;    F34X_MSD_USB_STD_REQ  F34X_MSD_USB_ISR  
                                      
GET_STATUS . . . . . . . . . CODE;    F34X_MSD_USB_STD_REQ  F34X_MSD_USB_ISR  
                                      
GET_STATUS_MMC . . . . . . . CODE;    F34X_MSD_MMC  F34X_MSD_CMD  
GET_TEMP . . . . . . . . . . CODE;    F34X_MSD_TEMP_SENSOR  
GET_TEMP_VALUE . . . . . . . CODE;    F34X_MSD_TEMP_SENSOR  
HANDLE_OUT2. . . . . . . . . CODE;    F34X_MSD_USB_ISR  
HANDLE_SETUP . . . . . . . . CODE;    F34X_MSD_USB_ISR  
INIT_CF. . . . . . . . . . . CODE;    F34X_MSD_CF_BASIC_FUNCTIONS  F34X_MSD_SE
                                      CT_SERV  
INIT_TEMP_SENSOR . . . . . . CODE;    F34X_MSD_TEMP_SENSOR  F34X_MSD_USB_MAIN 
                                       
INTERFACE_DESC . . . . . . . CODE;    F34X_MSD_USB_DESCRIPTOR  F34X_MSD_USB_ST
                                      D_REQ  
IN_COUNT . . . . . . . . . . XDATA;   F34X_MSD_USB_ISR  
IN_PACKET. . . . . . . . . . XDATA;   F34X_MSD_USB_ISR  F34X_MSD_SCSI  
IS_INITIALIZED . . . . . . . BIT;     F34X_MSD_MMC  F34X_MSD_CMD  
KEY_AVAILABLE. . . . . . . . CODE;    F34X_MSD_UART  F34X_MSD_CMD  
LOCAL_BLOCK. . . . . . . . . XDATA;   F34X_MSD_MMC  
LOG_FILE . . . . . . . . . . XDATA;   F34X_MSD_LOG  
LOG_STEP . . . . . . . . . . CODE;    F34X_MSD_LOG  F34X_MSD_USB_MAIN  
MAIN . . . . . . . . . . . . CODE;    F34X_MSD_USB_MAIN  ?C_INIT  
MBR. . . . . . . . . . . . . XDATA;   F34X_MSD_SECT_SERV  F34X_MSD_FILE_SYSTEM
                                        
MMC_FLASH_INIT . . . . . . . CODE;    F34X_MSD_MMC  F34X_MSD_SECT_SERV  
MSD_STATE. . . . . . . . . . XDATA;   F34X_MSD_MSD  
MSD_STEP . . . . . . . . . . CODE;    F34X_MSD_MSD  F34X_MSD_USB_MAIN  
N_OF_SECT. . . . . . . . . . XDATA;   F34X_MSD_CMD  
ONES_PACKET. . . . . . . . . CODE;    F34X_MSD_USB_STD_REQ  
OUT2_DONE. . . . . . . . . . CODE;    F34X_MSD_USB_ISR  F34X_MSD_MSD  F34X_MSD
                                      _SCSI  
OUT_COUNT. . . . . . . . . . XDATA;   F34X_MSD_USB_ISR  F34X_MSD_MSD  F34X_MSD
                                      _SCSI  
OUT_PACKET . . . . . . . . . XDATA;   F34X_MSD_USB_ISR  F34X_MSD_MSD  
PATH_NAME. . . . . . . . . . XDATA;   F34X_MSD_FILE_SYSTEM  F34X_MSD_DIR_COMMA
                                      NDS  
PHYSICAL_BLOCKS. . . . . . . XDATA;   F34X_MSD_MMC  F34X_MSD_SECT_SERV  
PHYSICAL_SIZE. . . . . . . . XDATA;   F34X_MSD_MMC  
PORT_INIT. . . . . . . . . . CODE;    F34X_MSD_USB_MAIN  
BL51 BANKED LINKER/LOCATER V6.00            07/24/2007  22:07:38  PAGE 96


SCRATCH. . . . . . . . . . . XDATA;   F34X_MSD_SECT_SERV  F34X_MSD_CMD  F34X_M
                                      SD_FILE_SYSTEM  F34X_MSD_FORMAT_DISK  F3
                                      4X_MSD_MMC  F34X_MSD_SCSI  
SCSI_INQUIRY . . . . . . . . CODE;    F34X_MSD_SCSI  
SCSI_MODE_SENSE6 . . . . . . CODE;    F34X_MSD_SCSI  
SCSI_MODE_SENSE_6. . . . . . CODE;    F34X_MSD_SCSI  
SCSI_READ10. . . . . . . . . CODE;    F34X_MSD_SCSI  
SCSI_READ_CAPACITY10 . . . . CODE;    F34X_MSD_SCSI  
SCSI_READ_CAPACITY_10. . . . XDATA;   F34X_MSD_SCSI  
SCSI_RESIDUE . . . . . . . . XDATA;   F34X_MSD_SCSI  F34X_MSD_MSD  
SCSI_RX. . . . . . . . . . . CODE;    F34X_MSD_SCSI  F34X_MSD_MSD  
SCSI_STANDARD_INQUIRY_DATA . CODE;    F34X_MSD_SCSI  
SCSI_STATUS. . . . . . . . . XDATA;   F34X_MSD_SCSI  F34X_MSD_MSD  
SCSI_WRITE10 . . . . . . . . CODE;    F34X_MSD_SCSI  
SECT_FAT1. . . . . . . . . . CODE;    F34X_MSD_SECT_SERV  F34X_MSD_FILE_SYSTEM
                                        F34X_MSD_FORMAT_DISK  
SECT_FAT2. . . . . . . . . . CODE;    F34X_MSD_SECT_SERV  F34X_MSD_FILE_SYSTEM
                                        
SECT_FILE_DATA . . . . . . . CODE;    F34X_MSD_SECT_SERV  F34X_MSD_FILE_SYSTEM
                                        
SECT_INIT. . . . . . . . . . CODE;    F34X_MSD_SECT_SERV  F34X_MSD_USB_MAIN  
SECT_PRINT . . . . . . . . . CODE;    F34X_MSD_SECT_SERV  F34X_MSD_CMD  
SECT_ROOT_DIR. . . . . . . . CODE;    F34X_MSD_SECT_SERV  F34X_MSD_FILE_SYSTEM
                                        F34X_MSD_FORMAT_DISK  
SECT_ROOT_DIR_LAST . . . . . CODE;    F34X_MSD_SECT_SERV  F34X_MSD_FILE_SYSTEM
                                        F34X_MSD_FORMAT_DISK  
SECT_SECTORS . . . . . . . . CODE;    F34X_MSD_SECT_SERV  F34X_MSD_SCSI  
SETUP. . . . . . . . . . . . XDATA;   F34X_MSD_USB_ISR  F34X_MSD_USB_STD_REQ  
                                      
SET_ADDRESS. . . . . . . . . CODE;    F34X_MSD_USB_STD_REQ  F34X_MSD_USB_ISR  
                                      
SET_CONFIGURATION. . . . . . CODE;    F34X_MSD_USB_STD_REQ  F34X_MSD_USB_ISR  
                                      
SET_FEATURE. . . . . . . . . CODE;    F34X_MSD_USB_STD_REQ  F34X_MSD_USB_ISR  
                                      
SET_INTERFACE. . . . . . . . CODE;    F34X_MSD_USB_STD_REQ  F34X_MSD_USB_ISR  
                                      
SPI_INIT . . . . . . . . . . CODE;    F34X_MSD_MMC  
STOP_LOGGING . . . . . . . . CODE;    F34X_MSD_LOG  F34X_MSD_VBUS_FUNCTIONS  
STRING0_DESC . . . . . . . . CODE;    F34X_MSD_USB_DESCRIPTOR  
STRING1_DESC . . . . . . . . CODE;    F34X_MSD_USB_DESCRIPTOR  
STRING2_DESC . . . . . . . . CODE;    F34X_MSD_USB_DESCRIPTOR  
STRING3_DESC . . . . . . . . CODE;    F34X_MSD_USB_DESCRIPTOR  
STRING_DESC_TABLE. . . . . . XDATA;   F34X_MSD_USB_DESCRIPTOR  F34X_MSD_USB_ST
                                      D_REQ  
SWITCH_ON_OFF_UART . . . . . CODE;    F34X_MSD_VBUS_FUNCTIONS  F34X_MSD_USB_MA
                                      IN  
SYS_CLK_INIT . . . . . . . . CODE;    F34X_MSD_USB_MAIN  
TEMP_LOG_STEP. . . . . . . . CODE;    F34X_MSD_TEMP_SENSOR  F34X_MSD_USB_MAIN 
                                       
TEMP_SENSOR_STOP_LOGGING . . CODE;    F34X_MSD_TEMP_SENSOR  F34X_MSD_VBUS_FUNC
                                      TIONS  
TICKCOUNT. . . . . . . . . . XDATA;   F34X_MSD_USB_MAIN  F34X_MSD_LOG  F34X_MS
                                      D_TEMP_SENSOR  F34X_MSD_USB_ISR  
TIMER2_ISR . . . . . . . . . CODE;    F34X_MSD_USB_MAIN  
TIMER_INIT . . . . . . . . . CODE;    F34X_MSD_USB_MAIN  
UART0_INIT . . . . . . . . . CODE;    F34X_MSD_UART  F34X_MSD_USB_MAIN  
USB0_INIT. . . . . . . . . . CODE;    F34X_MSD_USB_MAIN  
USB_BULK_INIT. . . . . . . . CODE;    F34X_MSD_USB_ISR  F34X_MSD_USB_MAIN  
USB_ISR. . . . . . . . . . . CODE;    F34X_MSD_USB_ISR  
USB_RESET. . . . . . . . . . CODE;    F34X_MSD_USB_ISR  
USB_RESUME . . . . . . . . . CODE;    F34X_MSD_USB_ISR  
USB_STATE. . . . . . . . . . XDATA;   F34X_MSD_USB_ISR  F34X_MSD_USB_STD_REQ  
                                      
USB_SUSPEND. . . . . . . . . CODE;    F34X_MSD_USB_ISR  
BL51 BANKED LINKER/LOCATER V6.00            07/24/2007  22:07:38  PAGE 97


WAIT_BUSY. . . . . . . . . . CODE;    F34X_MSD_CF_BASIC_FUNCTIONS  
WAIT_DRQ . . . . . . . . . . CODE;    F34X_MSD_CF_BASIC_FUNCTIONS  
WRITE_CURRENT_DIR. . . . . . CODE;    F34X_MSD_FILE_SYSTEM  F34X_MSD_CMD  F34X
                                      _MSD_VBUS_FUNCTIONS  
ZERO_PACKET. . . . . . . . . CODE;    F34X_MSD_USB_STD_REQ  
_?FIFO_WRITE . . . . . . . . CODE;    F34X_MSD_USB_PROCEDURE  F34X_MSD_USB_ISR
                                        
_?SECT_VALIDATE. . . . . . . CODE;    F34X_MSD_SECT_SERV  F34X_MSD_FORMAT_DISK
                                        
_ATOL. . . . . . . . . . . . CODE;    ATOL  F34X_MSD_CMD  
_CALIBRATE . . . . . . . . . CODE;    F34X_MSD_TEMP_SENSOR  F34X_MSD_CMD  
_CF_GET_REGISTER_VALUE . . . CODE;    F34X_MSD_CF_BASIC_FUNCTIONS  
_CF_SET_REGISTER_VALUE . . . CODE;    F34X_MSD_CF_BASIC_FUNCTIONS  
_CHANGE_DIRECTORY. . . . . . CODE;    F34X_MSD_DIR_COMMANDS  F34X_MSD_CMD  
_CHNGDIR . . . . . . . . . . CODE;    F34X_MSD_FILE_SYSTEM  F34X_MSD_DIR_COMMA
                                      NDS  
_CMD_MATCH . . . . . . . . . CODE;    F34X_MSD_CMD  
_CMD_TYPE. . . . . . . . . . CODE;    F34X_MSD_CMD  
_FCLOSE. . . . . . . . . . . CODE;    F34X_MSD_FILE_SYSTEM  F34X_MSD_CMD  F34X
                                      _MSD_LOG  F34X_MSD_TEMP_SENSOR  
_FDELETE . . . . . . . . . . CODE;    F34X_MSD_FILE_SYSTEM  F34X_MSD_CMD  
_FEOF. . . . . . . . . . . . CODE;    F34X_MSD_FILE_SYSTEM  
_FIFO_READ . . . . . . . . . CODE;    F34X_MSD_USB_PROCEDURE  F34X_MSD_USB_ISR
                                        
_FIFO_READC. . . . . . . . . CODE;    F34X_MSD_USB_ISR  
_FINDFIRST . . . . . . . . . CODE;    F34X_MSD_FILE_SYSTEM  F34X_MSD_CMD  
_FINDNEXT. . . . . . . . . . CODE;    F34X_MSD_FILE_SYSTEM  F34X_MSD_CMD  
_FOPEN . . . . . . . . . . . CODE;    F34X_MSD_FILE_SYSTEM  F34X_MSD_CMD  F34X
                                      _MSD_LOG  F34X_MSD_TEMP_SENSOR  
_FREAD . . . . . . . . . . . CODE;    F34X_MSD_FILE_SYSTEM  F34X_MSD_CMD  
_FWRITE. . . . . . . . . . . CODE;    F34X_MSD_FILE_SYSTEM  F34X_MSD_LOG  F34X
                                      _MSD_TEMP_SENSOR  
_GETKEY. . . . . . . . . . . CODE;    _GETKEY  F34X_MSD_GET_CHAR  
_HANDLE_IN1. . . . . . . . . CODE;    F34X_MSD_USB_ISR  
_HTONL . . . . . . . . . . . CODE;    F34X_MSD_UTIL  F34X_MSD_CMD  F34X_MSD_FI
                                      LE_SYSTEM  F34X_MSD_MSD  F34X_MSD_SCSI  
                                      F34X_MSD_SECT_SERV  
_HTONS . . . . . . . . . . . CODE;    F34X_MSD_UTIL  F34X_MSD_FILE_SYSTEM  F34
                                      X_MSD_SECT_SERV  
_IDENTIFY_DRIVE. . . . . . . CODE;    F34X_MSD_CF_BASIC_FUNCTIONS  F34X_MSD_SE
                                      CT_SERV  
_ISDIGIT . . . . . . . . . . CODE;    ISDIGIT  ATOL  
_ISSPACE . . . . . . . . . . CODE;    ISSPACE  ATOL  
_LOG . . . . . . . . . . . . CODE;    F34X_MSD_LOG  F34X_MSD_CMD  
_MAKE_DIRECTORY. . . . . . . CODE;    F34X_MSD_DIR_COMMANDS  F34X_MSD_CMD  
_MKDIR . . . . . . . . . . . CODE;    F34X_MSD_FILE_SYSTEM  F34X_MSD_DIR_COMMA
                                      NDS  
_MMC_COMMAND_EXEC. . . . . . CODE;    F34X_MSD_MMC  
_MMC_FLASH_BLOCK_READ. . . . CODE;    F34X_MSD_MMC  F34X_MSD_SECT_SERV  
_MMC_FLASH_BLOCK_WRITE . . . CODE;    F34X_MSD_MMC  F34X_MSD_SECT_SERV  
_OUT2_GET_DATA . . . . . . . CODE;    F34X_MSD_USB_ISR  F34X_MSD_MSD  F34X_MSD
                                      _SCSI  
_PRINTF. . . . . . . . . . . CODE;    PRINTF  F34X_MSD_CMD  F34X_MSD_DIR_COMMA
                                      NDS  F34X_MSD_FILE_SYSTEM  F34X_MSD_LOG 
                                       F34X_MSD_MMC  F34X_MSD_SECT_SERV  F34X_
                                      MSD_TEMP_SENSOR  F34X_MSD_UART  F34X_MSD
                                      _VBUS_FUNCTIONS  
_PRINTF517 . . . . . . . . . CODE;    PRINTF  
_PUTCHAR . . . . . . . . . . CODE;    F34X_MSD_PUT_CHAR  F34X_MSD_CMD  F34X_MS
                                      D_GET_CHAR  F34X_MSD_VBUS_FUNCTIONS  PRI
                                      NTF  
_READ_BYTES. . . . . . . . . CODE;    F34X_MSD_MMC_COMMAND  F34X_MSD_MMC  
_READ_SECTOR . . . . . . . . CODE;    F34X_MSD_CF_BASIC_FUNCTIONS  F34X_MSD_SE
                                      CT_SERV  
_REMOVE_DIRECORY . . . . . . CODE;    F34X_MSD_DIR_COMMANDS  F34X_MSD_CMD  
BL51 BANKED LINKER/LOCATER V6.00            07/24/2007  22:07:38  PAGE 98


_RMDIR . . . . . . . . . . . CODE;    F34X_MSD_FILE_SYSTEM  F34X_MSD_DIR_COMMA
                                      NDS  
_SECT_READ . . . . . . . . . CODE;    F34X_MSD_SECT_SERV  F34X_MSD_CMD  F34X_M
                                      SD_FILE_SYSTEM  F34X_MSD_FORMAT_DISK  F3
                                      4X_MSD_SCSI  
_SECT_WRITE. . . . . . . . . CODE;    F34X_MSD_SECT_SERV  F34X_MSD_CMD  F34X_M
                                      SD_FILE_SYSTEM  F34X_MSD_FORMAT_DISK  F3
                                      4X_MSD_SCSI  
_SECT_WRITE_MULTI_FAT. . . . CODE;    F34X_MSD_SECT_SERV  F34X_MSD_FILE_SYSTEM
                                        
_SPRINTF . . . . . . . . . . CODE;    PRINTF  F34X_MSD_LOG  F34X_MSD_TEMP_SENS
                                      OR  
_SPRINTF517. . . . . . . . . CODE;    PRINTF  
_STRCHR. . . . . . . . . . . CODE;    STRCHR  F34X_MSD_UTIL  
_STRLEN. . . . . . . . . . . CODE;    STRLEN  F34X_MSD_DIR_COMMANDS  F34X_MSD_
                                      FILE_SYSTEM  
_STRNCMP . . . . . . . . . . CODE;    STRNCMP  F34X_MSD_CMD  
_STRSTR. . . . . . . . . . . CODE;    STRSTR  F34X_MSD_DIR_COMMANDS  F34X_MSD_
                                      FILE_SYSTEM  
_STR_TOKEN . . . . . . . . . CODE;    F34X_MSD_UTIL  F34X_MSD_CMD  
_TEMP_LOG. . . . . . . . . . CODE;    F34X_MSD_TEMP_SENSOR  F34X_MSD_CMD  
_TOLOWER . . . . . . . . . . CODE;    TOLOWER  F34X_MSD_CMD  F34X_MSD_FILE_SYS
                                      TEM  
_TOUPPER . . . . . . . . . . CODE;    TOUPPER  F34X_MSD_FILE_SYSTEM  
_USB_IN. . . . . . . . . . . CODE;    F34X_MSD_USB_ISR  F34X_MSD_MSD  F34X_MSD
                                      _SCSI  
_WAIT_MS . . . . . . . . . . CODE;    F34X_MSD_MMC  
_WAIT_NS . . . . . . . . . . CODE;    F34X_MSD_MMC  
_WRITE_BYTES . . . . . . . . CODE;    F34X_MSD_MMC_COMMAND  F34X_MSD_MMC  
_WRITE_READ_SPI_BYTE . . . . CODE;    F34X_MSD_MMC  
_WRITE_SECTOR. . . . . . . . CODE;    F34X_MSD_CF_BASIC_FUNCTIONS  F34X_MSD_SE
                                      CT_SERV  

Program Size: data=33.2 xdata=1710 code=24440
LINK/LOCATE RUN COMPLETE.  0 WARNING(S),  0 ERROR(S)
